Component: ARM Compiler 5.06 update 5 (build 528) Tool: armlink [4d35e2]

==============================================================================

Section Cross References

    stm32l0xx_nucleo.o(i.ADCx_Init) refers to stm32l0xx_hal_adc.o(i.HAL_ADC_GetState) for HAL_ADC_GetState
    stm32l0xx_nucleo.o(i.ADCx_Init) refers to memseta.o(.text) for __aeabi_memclr4
    stm32l0xx_nucleo.o(i.ADCx_Init) refers to stm32l0xx_hal_gpio.o(i.HAL_GPIO_Init) for HAL_GPIO_Init
    stm32l0xx_nucleo.o(i.ADCx_Init) refers to stm32l0xx_hal_adc.o(i.HAL_ADC_Init) for HAL_ADC_Init
    stm32l0xx_nucleo.o(i.ADCx_Init) refers to stm32l0xx_hal_adc_ex.o(i.HAL_ADCEx_Calibration_Start) for HAL_ADCEx_Calibration_Start
    stm32l0xx_nucleo.o(i.ADCx_Init) refers to stm32l0xx_nucleo.o(.bss) for .bss
    stm32l0xx_nucleo.o(i.BSP_JOY_DeInit) refers to stm32l0xx_hal_adc.o(i.HAL_ADC_DeInit) for HAL_ADC_DeInit
    stm32l0xx_nucleo.o(i.BSP_JOY_DeInit) refers to stm32l0xx_hal_gpio.o(i.HAL_GPIO_DeInit) for HAL_GPIO_DeInit
    stm32l0xx_nucleo.o(i.BSP_JOY_DeInit) refers to stm32l0xx_nucleo.o(.bss) for .bss
    stm32l0xx_nucleo.o(i.BSP_JOY_GetState) refers to stm32l0xx_hal_adc.o(i.HAL_ADC_Start) for HAL_ADC_Start
    stm32l0xx_nucleo.o(i.BSP_JOY_GetState) refers to stm32l0xx_hal_adc.o(i.HAL_ADC_PollForConversion) for HAL_ADC_PollForConversion
    stm32l0xx_nucleo.o(i.BSP_JOY_GetState) refers to stm32l0xx_hal_adc.o(i.HAL_ADC_GetValue) for HAL_ADC_GetValue
    stm32l0xx_nucleo.o(i.BSP_JOY_GetState) refers to stm32l0xx_nucleo.o(.bss) for .bss
    stm32l0xx_nucleo.o(i.BSP_JOY_Init) refers to stm32l0xx_nucleo.o(i.ADCx_Init) for ADCx_Init
    stm32l0xx_nucleo.o(i.BSP_JOY_Init) refers to stm32l0xx_hal_adc.o(i.HAL_ADC_ConfigChannel) for HAL_ADC_ConfigChannel
    stm32l0xx_nucleo.o(i.BSP_JOY_Init) refers to stm32l0xx_nucleo.o(.data) for .data
    stm32l0xx_nucleo.o(i.BSP_JOY_Init) refers to stm32l0xx_nucleo.o(.bss) for .bss
    stm32l0xx_nucleo.o(i.BSP_LED_DeInit) refers to stm32l0xx_hal_gpio.o(i.HAL_GPIO_WritePin) for HAL_GPIO_WritePin
    stm32l0xx_nucleo.o(i.BSP_LED_DeInit) refers to stm32l0xx_hal_gpio.o(i.HAL_GPIO_DeInit) for HAL_GPIO_DeInit
    stm32l0xx_nucleo.o(i.BSP_LED_DeInit) refers to stm32l0xx_nucleo.o(.constdata) for .constdata
    stm32l0xx_nucleo.o(i.BSP_LED_DeInit) refers to stm32l0xx_nucleo.o(.data) for .data
    stm32l0xx_nucleo.o(i.BSP_LED_Init) refers to stm32l0xx_hal_gpio.o(i.HAL_GPIO_Init) for HAL_GPIO_Init
    stm32l0xx_nucleo.o(i.BSP_LED_Init) refers to stm32l0xx_hal_gpio.o(i.HAL_GPIO_WritePin) for HAL_GPIO_WritePin
    stm32l0xx_nucleo.o(i.BSP_LED_Init) refers to stm32l0xx_nucleo.o(.constdata) for .constdata
    stm32l0xx_nucleo.o(i.BSP_LED_Init) refers to stm32l0xx_nucleo.o(.data) for .data
    stm32l0xx_nucleo.o(i.BSP_LED_Off) refers to stm32l0xx_hal_gpio.o(i.HAL_GPIO_WritePin) for HAL_GPIO_WritePin
    stm32l0xx_nucleo.o(i.BSP_LED_Off) refers to stm32l0xx_nucleo.o(.constdata) for .constdata
    stm32l0xx_nucleo.o(i.BSP_LED_Off) refers to stm32l0xx_nucleo.o(.data) for .data
    stm32l0xx_nucleo.o(i.BSP_LED_On) refers to stm32l0xx_hal_gpio.o(i.HAL_GPIO_WritePin) for HAL_GPIO_WritePin
    stm32l0xx_nucleo.o(i.BSP_LED_On) refers to stm32l0xx_nucleo.o(.constdata) for .constdata
    stm32l0xx_nucleo.o(i.BSP_LED_On) refers to stm32l0xx_nucleo.o(.data) for .data
    stm32l0xx_nucleo.o(i.BSP_LED_Toggle) refers to stm32l0xx_hal_gpio.o(i.HAL_GPIO_TogglePin) for HAL_GPIO_TogglePin
    stm32l0xx_nucleo.o(i.BSP_LED_Toggle) refers to stm32l0xx_nucleo.o(.constdata) for .constdata
    stm32l0xx_nucleo.o(i.BSP_LED_Toggle) refers to stm32l0xx_nucleo.o(.data) for .data
    stm32l0xx_nucleo.o(i.BSP_PB_DeInit) refers to stm32l0xx_hal_cortex.o(i.HAL_NVIC_DisableIRQ) for HAL_NVIC_DisableIRQ
    stm32l0xx_nucleo.o(i.BSP_PB_DeInit) refers to stm32l0xx_hal_gpio.o(i.HAL_GPIO_DeInit) for HAL_GPIO_DeInit
    stm32l0xx_nucleo.o(i.BSP_PB_DeInit) refers to stm32l0xx_nucleo.o(.constdata) for .constdata
    stm32l0xx_nucleo.o(i.BSP_PB_DeInit) refers to stm32l0xx_nucleo.o(.data) for .data
    stm32l0xx_nucleo.o(i.BSP_PB_GetState) refers to stm32l0xx_hal_gpio.o(i.HAL_GPIO_ReadPin) for HAL_GPIO_ReadPin
    stm32l0xx_nucleo.o(i.BSP_PB_GetState) refers to stm32l0xx_nucleo.o(.constdata) for .constdata
    stm32l0xx_nucleo.o(i.BSP_PB_GetState) refers to stm32l0xx_nucleo.o(.data) for .data
    stm32l0xx_nucleo.o(i.BSP_PB_Init) refers to stm32l0xx_hal_gpio.o(i.HAL_GPIO_Init) for HAL_GPIO_Init
    stm32l0xx_nucleo.o(i.BSP_PB_Init) refers to stm32l0xx_hal_cortex.o(i.HAL_NVIC_SetPriority) for HAL_NVIC_SetPriority
    stm32l0xx_nucleo.o(i.BSP_PB_Init) refers to stm32l0xx_hal_cortex.o(i.HAL_NVIC_EnableIRQ) for HAL_NVIC_EnableIRQ
    stm32l0xx_nucleo.o(i.BSP_PB_Init) refers to stm32l0xx_nucleo.o(.constdata) for .constdata
    stm32l0xx_nucleo.o(i.BSP_PB_Init) refers to stm32l0xx_nucleo.o(.data) for .data
    stm32l0xx_nucleo.o(i.LCD_Delay) refers to stm32l0xx_hal.o(i.HAL_Delay) for HAL_Delay
[...]
    Removing stm32l0xx_hal_i2s.o(i.I2S_DMAError), (40 bytes).
    Removing stm32l0xx_hal_i2s.o(i.I2S_DMARxCplt), (40 bytes).
    Removing stm32l0xx_hal_i2s.o(i.I2S_DMARxHalfCplt), (10 bytes).
    Removing stm32l0xx_hal_i2s.o(i.I2S_DMATxCplt), (40 bytes).
    Removing stm32l0xx_hal_i2s.o(i.I2S_DMATxHalfCplt), (10 bytes).
    Removing stm32l0xx_hal_i2s.o(i.I2S_WaitFlagStateUntilTimeout), (108 bytes).
    Removing stm32l0xx_hal_smartcard.o(.rev16_text), (4 bytes).
    Removing stm32l0xx_hal_smartcard.o(.revsh_text), (4 bytes).
    Removing stm32l0xx_hal_smartcard.o(i.HAL_SMARTCARD_Abort), (128 bytes).
    Removing stm32l0xx_hal_smartcard.o(i.HAL_SMARTCARD_AbortCpltCallback), (2 bytes).
    Removing stm32l0xx_hal_smartcard.o(i.HAL_SMARTCARD_AbortReceive), (96 bytes).
    Removing stm32l0xx_hal_smartcard.o(i.HAL_SMARTCARD_AbortReceiveCpltCallback), (2 bytes).
    Removing stm32l0xx_hal_smartcard.o(i.HAL_SMARTCARD_AbortReceive_IT), (124 bytes).
    Removing stm32l0xx_hal_smartcard.o(i.HAL_SMARTCARD_AbortTransmit), (88 bytes).
    Removing stm32l0xx_hal_smartcard.o(i.HAL_SMARTCARD_AbortTransmitCpltCallback), (2 bytes).
    Removing stm32l0xx_hal_smartcard.o(i.HAL_SMARTCARD_AbortTransmit_IT), (116 bytes).
    Removing stm32l0xx_hal_smartcard.o(i.HAL_SMARTCARD_Abort_IT), (200 bytes).
    Removing stm32l0xx_hal_smartcard.o(i.HAL_SMARTCARD_DeInit), (70 bytes).
    Removing stm32l0xx_hal_smartcard.o(i.HAL_SMARTCARD_ErrorCallback), (2 bytes).
    Removing stm32l0xx_hal_smartcard.o(i.HAL_SMARTCARD_GetError), (4 bytes).
    Removing stm32l0xx_hal_smartcard.o(i.HAL_SMARTCARD_GetState), (12 bytes).
    Removing stm32l0xx_hal_smartcard.o(i.HAL_SMARTCARD_IRQHandler), (524 bytes).
    Removing stm32l0xx_hal_smartcard.o(i.HAL_SMARTCARD_Init), (202 bytes).
    Removing stm32l0xx_hal_smartcard.o(i.HAL_SMARTCARD_MspDeInit), (2 bytes).
    Removing stm32l0xx_hal_smartcard.o(i.HAL_SMARTCARD_MspInit), (2 bytes).
    Removing stm32l0xx_hal_smartcard.o(i.HAL_SMARTCARD_Receive), (132 bytes).
    Removing stm32l0xx_hal_smartcard.o(i.HAL_SMARTCARD_Receive_DMA), (132 bytes).
    Removing stm32l0xx_hal_smartcard.o(i.HAL_SMARTCARD_Receive_IT), (80 bytes).
    Removing stm32l0xx_hal_smartcard.o(i.HAL_SMARTCARD_RxCpltCallback), (2 bytes).
    Removing stm32l0xx_hal_smartcard.o(i.HAL_SMARTCARD_Transmit), (232 bytes).
    Removing stm32l0xx_hal_smartcard.o(i.HAL_SMARTCARD_Transmit_DMA), (180 bytes).
    Removing stm32l0xx_hal_smartcard.o(i.HAL_SMARTCARD_Transmit_IT), (124 bytes).
    Removing stm32l0xx_hal_smartcard.o(i.HAL_SMARTCARD_TxCpltCallback), (2 bytes).
    Removing stm32l0xx_hal_smartcard.o(i.SMARTCARD_AdvFeatureConfig), (156 bytes).
    Removing stm32l0xx_hal_smartcard.o(i.SMARTCARD_DMAAbortOnError), (20 bytes).
    Removing stm32l0xx_hal_smartcard.o(i.SMARTCARD_DMAError), (74 bytes).
    Removing stm32l0xx_hal_smartcard.o(i.SMARTCARD_DMAReceiveCplt), (54 bytes).
    Removing stm32l0xx_hal_smartcard.o(i.SMARTCARD_DMARxAbortCallback), (60 bytes).
    Removing stm32l0xx_hal_smartcard.o(i.SMARTCARD_DMARxOnlyAbortCallback), (32 bytes).
    Removing stm32l0xx_hal_smartcard.o(i.SMARTCARD_DMATransmitCplt), (30 bytes).
    Removing stm32l0xx_hal_smartcard.o(i.SMARTCARD_DMATxAbortCallback), (60 bytes).
    Removing stm32l0xx_hal_smartcard.o(i.SMARTCARD_DMATxOnlyAbortCallback), (28 bytes).
    Removing stm32l0xx_hal_smartcard.o(i.SMARTCARD_EndRxTransfer), (30 bytes).
    Removing stm32l0xx_hal_smartcard.o(i.SMARTCARD_EndTxTransfer), (28 bytes).
    Removing stm32l0xx_hal_smartcard.o(i.SMARTCARD_Receive_IT), (100 bytes).
    Removing stm32l0xx_hal_smartcard.o(i.SMARTCARD_SetConfig), (300 bytes).
    Removing stm32l0xx_hal_smartcard.o(i.SMARTCARD_WaitOnFlagUntilTimeout), (98 bytes).
    Removing stm32l0xx_hal_iwdg.o(.rev16_text), (4 bytes).
    Removing stm32l0xx_hal_iwdg.o(.revsh_text), (4 bytes).
    Removing stm32l0xx_hal_iwdg.o(i.HAL_IWDG_Init), (100 bytes).
    Removing stm32l0xx_hal_iwdg.o(i.HAL_IWDG_Refresh), (16 bytes).
    Removing stm32l0xx_hal_rcc_ex.o(.rev16_text), (4 bytes).
    Removing stm32l0xx_hal_rcc_ex.o(.revsh_text), (4 bytes).
    Removing stm32l0xx_hal_rcc_ex.o(i.HAL_RCCEx_CRSConfig), (72 bytes).
    Removing stm32l0xx_hal_rcc_ex.o(i.HAL_RCCEx_CRSGetSynchronizationInfo), (40 bytes).
    Removing stm32l0xx_hal_rcc_ex.o(i.HAL_RCCEx_CRSSoftwareSynchronizationGenerate), (16 bytes).
    Removing stm32l0xx_hal_rcc_ex.o(i.HAL_RCCEx_CRSWaitSynchronization), (120 bytes).
    Removing stm32l0xx_hal_rcc_ex.o(i.HAL_RCCEx_CRS_ErrorCallback), (2 bytes).
    Removing stm32l0xx_hal_rcc_ex.o(i.HAL_RCCEx_CRS_ExpectedSyncCallback), (2 bytes).
    Removing stm32l0xx_hal_rcc_ex.o(i.HAL_RCCEx_CRS_IRQHandler), (112 bytes).
    Removing stm32l0xx_hal_rcc_ex.o(i.HAL_RCCEx_CRS_SyncOkCallback), (2 bytes).
    Removing stm32l0xx_hal_rcc_ex.o(i.HAL_RCCEx_CRS_SyncWarnCallback), (2 bytes).
    Removing stm32l0xx_hal_rcc_ex.o(i.HAL_RCCEx_DisableHSI48_VREFINT), (16 bytes).
    Removing stm32l0xx_hal_rcc_ex.o(i.HAL_RCCEx_DisableLSECSS), (32 bytes).
    Removing stm32l0xx_hal_rcc_ex.o(i.HAL_RCCEx_EnableHSI48_VREFINT), (16 bytes).
    Removing stm32l0xx_hal_rcc_ex.o(i.HAL_RCCEx_EnableLSECSS), (20 bytes).
    Removing stm32l0xx_hal_rcc_ex.o(i.HAL_RCCEx_EnableLSECSS_IT), (52 bytes).
    Removing stm32l0xx_hal_rcc_ex.o(i.HAL_RCCEx_GetPeriphCLKConfig), (112 bytes).
    Removing stm32l0xx_hal_rcc_ex.o(i.HAL_RCCEx_GetPeriphCLKFreq), (420 bytes).
    Removing stm32l0xx_hal_rcc_ex.o(i.HAL_RCCEx_LSECSS_Callback), (2 bytes).
    Removing stm32l0xx_hal_rcc_ex.o(i.HAL_RCCEx_LSECSS_IRQHandler), (24 bytes).
    Removing stm32l0xx_hal_rcc_ex.o(i.HAL_RCCEx_PeriphCLKConfig), (408 bytes).
    Removing stm32l0xx_hal_rtc_ex.o(.rev16_text), (4 bytes).
    Removing stm32l0xx_hal_rtc_ex.o(.revsh_text), (4 bytes).
    Removing stm32l0xx_hal_rtc_ex.o(i.HAL_RTCEx_AlarmBEventCallback), (2 bytes).
    Removing stm32l0xx_hal_rtc_ex.o(i.HAL_RTCEx_BKUPRead), (12 bytes).
    Removing stm32l0xx_hal_rtc_ex.o(i.HAL_RTCEx_BKUPWrite), (12 bytes).
    Removing stm32l0xx_hal_rtc_ex.o(i.HAL_RTCEx_DeactivateCalibrationOutPut), (60 bytes).
    Removing stm32l0xx_hal_rtc_ex.o(i.HAL_RTCEx_DeactivateRefClock), (98 bytes).
    Removing stm32l0xx_hal_rtc_ex.o(i.HAL_RTCEx_DeactivateTamper), (76 bytes).
    Removing stm32l0xx_hal_rtc_ex.o(i.HAL_RTCEx_DeactivateTimeStamp), (76 bytes).
    Removing stm32l0xx_hal_rtc_ex.o(i.HAL_RTCEx_DeactivateWakeUpTimer), (122 bytes).
    Removing stm32l0xx_hal_rtc_ex.o(i.HAL_RTCEx_DisableBypassShadow), (60 bytes).
    Removing stm32l0xx_hal_rtc_ex.o(i.HAL_RTCEx_EnableBypassShadow), (60 bytes).
    Removing stm32l0xx_hal_rtc_ex.o(i.HAL_RTCEx_GetTimeStamp), (160 bytes).
    Removing stm32l0xx_hal_rtc_ex.o(i.HAL_RTCEx_GetWakeUpTimer), (8 bytes).
    Removing stm32l0xx_hal_rtc_ex.o(i.HAL_RTCEx_PollForAlarmBEvent), (76 bytes).
    Removing stm32l0xx_hal_rtc_ex.o(i.HAL_RTCEx_PollForTamper1Event), (76 bytes).
    Removing stm32l0xx_hal_rtc_ex.o(i.HAL_RTCEx_PollForTamper2Event), (76 bytes).
    Removing stm32l0xx_hal_rtc_ex.o(i.HAL_RTCEx_PollForTimeStampEvent), (88 bytes).
    Removing stm32l0xx_hal_rtc_ex.o(i.HAL_RTCEx_PollForWakeUpTimerEvent), (76 bytes).
    Removing stm32l0xx_hal_rtc_ex.o(i.HAL_RTCEx_SetCalibrationOutPut), (78 bytes).
    Removing stm32l0xx_hal_rtc_ex.o(i.HAL_RTCEx_SetRefClock), (98 bytes).
    Removing stm32l0xx_hal_rtc_ex.o(i.HAL_RTCEx_SetSmoothCalib), (126 bytes).
    Removing stm32l0xx_hal_rtc_ex.o(i.HAL_RTCEx_SetSynchroShift), (152 bytes).
    Removing stm32l0xx_hal_rtc_ex.o(i.HAL_RTCEx_SetTamper), (180 bytes).
    Removing stm32l0xx_hal_rtc_ex.o(i.HAL_RTCEx_SetTamper_IT), (208 bytes).
    Removing stm32l0xx_hal_rtc_ex.o(i.HAL_RTCEx_SetTimeStamp), (76 bytes).
    Removing stm32l0xx_hal_rtc_ex.o(i.HAL_RTCEx_SetTimeStamp_IT), (108 bytes).
    Removing stm32l0xx_hal_rtc_ex.o(i.HAL_RTCEx_SetWakeUpTimer), (196 bytes).
    Removing stm32l0xx_hal_rtc_ex.o(i.HAL_RTCEx_SetWakeUpTimer_IT), (248 bytes).
    Removing stm32l0xx_hal_rtc_ex.o(i.HAL_RTCEx_Tamper1EventCallback), (2 bytes).
    Removing stm32l0xx_hal_rtc_ex.o(i.HAL_RTCEx_Tamper2EventCallback), (2 bytes).
    Removing stm32l0xx_hal_rtc_ex.o(i.HAL_RTCEx_TamperTimeStampIRQHandler), (148 bytes).
    Removing stm32l0xx_hal_rtc_ex.o(i.HAL_RTCEx_TimeStampEventCallback), (2 bytes).
    Removing stm32l0xx_hal_rtc_ex.o(i.HAL_RTCEx_WakeUpTimerEventCallback), (2 bytes).
    Removing stm32l0xx_hal_rtc_ex.o(i.HAL_RTCEx_WakeUpTimerIRQHandler), (56 bytes).
    Removing stm32l0xx_hal_spi.o(.rev16_text), (4 bytes).
    Removing stm32l0xx_hal_spi.o(.revsh_text), (4 bytes).
    Removing stm32l0xx_hal_spi.o(i.HAL_SPI_DMAPause), (46 bytes).
    Removing stm32l0xx_hal_spi.o(i.HAL_SPI_DMAResume), (44 bytes).
    Removing stm32l0xx_hal_spi.o(i.HAL_SPI_DMAStop), (54 bytes).
    Removing stm32l0xx_hal_spi.o(i.HAL_SPI_DeInit), (48 bytes).
    Removing stm32l0xx_hal_spi.o(i.HAL_SPI_ErrorCallback), (2 bytes).
    Removing stm32l0xx_hal_spi.o(i.HAL_SPI_GetError), (4 bytes).
    Removing stm32l0xx_hal_spi.o(i.HAL_SPI_GetState), (6 bytes).
    Removing stm32l0xx_hal_spi.o(i.HAL_SPI_IRQHandler), (194 bytes).
    Removing stm32l0xx_hal_spi.o(i.HAL_SPI_Init), (132 bytes).
    Removing stm32l0xx_hal_spi.o(i.HAL_SPI_MspDeInit), (2 bytes).
    Removing stm32l0xx_hal_spi.o(i.HAL_SPI_MspInit), (2 bytes).
    Removing stm32l0xx_hal_spi.o(i.HAL_SPI_Receive), (468 bytes).
    Removing stm32l0xx_hal_spi.o(i.HAL_SPI_Receive_DMA), (228 bytes).
    Removing stm32l0xx_hal_spi.o(i.HAL_SPI_Receive_IT), (172 bytes).
    Removing stm32l0xx_hal_spi.o(i.HAL_SPI_RxCpltCallback), (2 bytes).
    Removing stm32l0xx_hal_spi.o(i.HAL_SPI_RxHalfCpltCallback), (2 bytes).
    Removing stm32l0xx_hal_spi.o(i.HAL_SPI_Transmit), (336 bytes).
    Removing stm32l0xx_hal_spi.o(i.HAL_SPI_TransmitReceive), (696 bytes).
    Removing stm32l0xx_hal_spi.o(i.HAL_SPI_TransmitReceive_DMA), (256 bytes).
    Removing stm32l0xx_hal_spi.o(i.HAL_SPI_TransmitReceive_IT), (164 bytes).
    Removing stm32l0xx_hal_spi.o(i.HAL_SPI_Transmit_DMA), (208 bytes).
    Removing stm32l0xx_hal_spi.o(i.HAL_SPI_Transmit_IT), (160 bytes).
    Removing stm32l0xx_hal_spi.o(i.HAL_SPI_TxCpltCallback), (2 bytes).
    Removing stm32l0xx_hal_spi.o(i.HAL_SPI_TxHalfCpltCallback), (2 bytes).
    Removing stm32l0xx_hal_spi.o(i.HAL_SPI_TxRxCpltCallback), (2 bytes).
    Removing stm32l0xx_hal_spi.o(i.HAL_SPI_TxRxHalfCpltCallback), (2 bytes).
    Removing stm32l0xx_hal_spi.o(i.SPI_2LinesRxISR), (48 bytes).
    Removing stm32l0xx_hal_spi.o(i.SPI_DMAError), (30 bytes).
    Removing stm32l0xx_hal_spi.o(i.SPI_DMAHalfReceiveCplt), (10 bytes).
    Removing stm32l0xx_hal_spi.o(i.SPI_DMAHalfTransmitCplt), (10 bytes).
    Removing stm32l0xx_hal_spi.o(i.SPI_DMAHalfTransmitReceiveCplt), (10 bytes).
    Removing stm32l0xx_hal_spi.o(i.SPI_DMAReceiveCplt), (188 bytes).
    Removing stm32l0xx_hal_spi.o(i.SPI_DMATransmitCplt), (112 bytes).
    Removing stm32l0xx_hal_spi.o(i.SPI_DMATransmitReceiveCplt), (194 bytes).
    Removing stm32l0xx_hal_spi.o(i.SPI_RxCloseIRQHandler), (208 bytes).
    Removing stm32l0xx_hal_spi.o(i.SPI_RxISR), (78 bytes).
    Removing stm32l0xx_hal_spi.o(i.SPI_TxCloseIRQHandler), (132 bytes).
    Removing stm32l0xx_hal_spi.o(i.SPI_TxISR), (72 bytes).
    Removing stm32l0xx_hal_spi.o(i.SPI_WaitOnFlagUntilTimeout), (178 bytes).
    Removing stm32l0xx_hal_rcc.o(.rev16_text), (4 bytes).
    Removing stm32l0xx_hal_rcc.o(.revsh_text), (4 bytes).
    Removing stm32l0xx_hal_rcc.o(i.HAL_RCC_CSSCallback), (2 bytes).
    Removing stm32l0xx_hal_rcc.o(i.HAL_RCC_DeInit), (108 bytes).
    Removing stm32l0xx_hal_rcc.o(i.HAL_RCC_EnableCSS), (20 bytes).
    Removing stm32l0xx_hal_rcc.o(i.HAL_RCC_GetClockConfig), (64 bytes).
    Removing stm32l0xx_hal_rcc.o(i.HAL_RCC_GetOscConfig), (192 bytes).
    Removing stm32l0xx_hal_rcc.o(i.HAL_RCC_GetPCLK1Freq), (32 bytes).
    Removing stm32l0xx_hal_rcc.o(i.HAL_RCC_GetPCLK2Freq), (32 bytes).
    Removing stm32l0xx_hal_rcc.o(i.HAL_RCC_MCOConfig), (96 bytes).
    Removing stm32l0xx_hal_rcc.o(i.HAL_RCC_NMI_IRQHandler), (24 bytes).
    Removing stm32l0xx_hal_wwdg.o(.rev16_text), (4 bytes).
    Removing stm32l0xx_hal_wwdg.o(.revsh_text), (4 bytes).
    Removing stm32l0xx_hal_wwdg.o(i.HAL_WWDG_EarlyWakeupCallback), (2 bytes).
    Removing stm32l0xx_hal_wwdg.o(i.HAL_WWDG_IRQHandler), (30 bytes).
    Removing stm32l0xx_hal_wwdg.o(i.HAL_WWDG_Init), (42 bytes).
    Removing stm32l0xx_hal_wwdg.o(i.HAL_WWDG_MspInit), (2 bytes).
    Removing stm32l0xx_hal_wwdg.o(i.HAL_WWDG_Refresh), (10 bytes).
    Removing stm32l0xx_hal_crc_ex.o(.rev16_text), (4 bytes).
    Removing stm32l0xx_hal_crc_ex.o(.revsh_text), (4 bytes).
    Removing stm32l0xx_hal_crc_ex.o(i.HAL_CRCEx_Input_Data_Reverse), (26 bytes).
    Removing stm32l0xx_hal_crc_ex.o(i.HAL_CRCEx_Output_Data_Reverse), (26 bytes).
    Removing stm32l0xx_hal_crc_ex.o(i.HAL_CRCEx_Polynomial_Set), (74 bytes).
    Removing stm32l0xx_hal_adc.o(.rev16_text), (4 bytes).
    Removing stm32l0xx_hal_adc.o(.revsh_text), (4 bytes).
    Removing stm32l0xx_hal_adc.o(i.ADC_ConversionStop), (82 bytes).
    Removing stm32l0xx_hal_adc.o(i.ADC_DMAConvCplt), (108 bytes).
    Removing stm32l0xx_hal_adc.o(i.ADC_DMAError), (26 bytes).
    Removing stm32l0xx_hal_adc.o(i.ADC_DMAHalfConvCplt), (10 bytes).
    Removing stm32l0xx_hal_adc.o(i.ADC_DelayMicroSecond), (36 bytes).
    Removing stm32l0xx_hal_adc.o(i.ADC_Disable), (96 bytes).
    Removing stm32l0xx_hal_adc.o(i.ADC_Enable), (100 bytes).
    Removing stm32l0xx_hal_adc.o(i.HAL_ADC_AnalogWDGConfig), (156 bytes).
    Removing stm32l0xx_hal_adc.o(i.HAL_ADC_ConfigChannel), (184 bytes).
    Removing stm32l0xx_hal_adc.o(i.HAL_ADC_ConvCpltCallback), (2 bytes).
    Removing stm32l0xx_hal_adc.o(i.HAL_ADC_ConvHalfCpltCallback), (2 bytes).
    Removing stm32l0xx_hal_adc.o(i.HAL_ADC_DeInit), (180 bytes).
    Removing stm32l0xx_hal_adc.o(i.HAL_ADC_ErrorCallback), (2 bytes).
    Removing stm32l0xx_hal_adc.o(i.HAL_ADC_GetError), (4 bytes).
    Removing stm32l0xx_hal_adc.o(i.HAL_ADC_GetState), (4 bytes).
    Removing stm32l0xx_hal_adc.o(i.HAL_ADC_GetValue), (6 bytes).
    Removing stm32l0xx_hal_adc.o(i.HAL_ADC_IRQHandler), (214 bytes).
    Removing stm32l0xx_hal_adc.o(i.HAL_ADC_Init), (452 bytes).
    Removing stm32l0xx_hal_adc.o(i.HAL_ADC_LevelOutOfWindowCallback), (2 bytes).
    Removing stm32l0xx_hal_adc.o(i.HAL_ADC_MspDeInit), (2 bytes).
    Removing stm32l0xx_hal_adc.o(i.HAL_ADC_MspInit), (2 bytes).
    Removing stm32l0xx_hal_adc.o(i.HAL_ADC_PollForConversion), (190 bytes).
    Removing stm32l0xx_hal_adc.o(i.HAL_ADC_PollForEvent), (116 bytes).
    Removing stm32l0xx_hal_adc.o(i.HAL_ADC_Start), (92 bytes).
    Removing stm32l0xx_hal_adc.o(i.HAL_ADC_Start_DMA), (160 bytes).
    Removing stm32l0xx_hal_adc.o(i.HAL_ADC_Start_IT), (124 bytes).
    Removing stm32l0xx_hal_adc.o(i.HAL_ADC_Stop), (62 bytes).
    Removing stm32l0xx_hal_adc.o(i.HAL_ADC_Stop_DMA), (112 bytes).
    Removing stm32l0xx_hal_adc.o(i.HAL_ADC_Stop_IT), (72 bytes).
    Removing stm32l0xx_hal_comp.o(.rev16_text), (4 bytes).
    Removing stm32l0xx_hal_comp.o(.revsh_text), (4 bytes).
    Removing stm32l0xx_hal_comp.o(i.HAL_COMP_DeInit), (42 bytes).
    Removing stm32l0xx_hal_comp.o(i.HAL_COMP_GetOutputLevel), (10 bytes).
    Removing stm32l0xx_hal_comp.o(i.HAL_COMP_GetState), (10 bytes).
    Removing stm32l0xx_hal_comp.o(i.HAL_COMP_IRQHandler), (60 bytes).
    Removing stm32l0xx_hal_comp.o(i.HAL_COMP_Init), (448 bytes).
    Removing stm32l0xx_hal_comp.o(i.HAL_COMP_Lock), (42 bytes).
    Removing stm32l0xx_hal_comp.o(i.HAL_COMP_MspDeInit), (2 bytes).
    Removing stm32l0xx_hal_comp.o(i.HAL_COMP_MspInit), (2 bytes).
    Removing stm32l0xx_hal_comp.o(i.HAL_COMP_Start), (80 bytes).
    Removing stm32l0xx_hal_comp.o(i.HAL_COMP_Stop), (48 bytes).
    Removing stm32l0xx_hal_comp.o(i.HAL_COMP_TriggerCallback), (2 bytes).
    Removing stm32l0xx_hal_crc.o(.rev16_text), (4 bytes).
    Removing stm32l0xx_hal_crc.o(.revsh_text), (4 bytes).
    Removing stm32l0xx_hal_crc.o(i.CRC_Handle_16), (56 bytes).
    Removing stm32l0xx_hal_crc.o(i.CRC_Handle_8), (128 bytes).
    Removing stm32l0xx_hal_crc.o(i.HAL_CRC_Accumulate), (88 bytes).
    Removing stm32l0xx_hal_crc.o(i.HAL_CRC_Calculate), (96 bytes).
    Removing stm32l0xx_hal_crc.o(i.HAL_CRC_DeInit), (52 bytes).
    Removing stm32l0xx_hal_crc.o(i.HAL_CRC_GetState), (4 bytes).
    Removing stm32l0xx_hal_crc.o(i.HAL_CRC_Init), (124 bytes).
    Removing stm32l0xx_hal_crc.o(i.HAL_CRC_MspDeInit), (2 bytes).
    Removing stm32l0xx_hal_crc.o(i.HAL_CRC_MspInit), (2 bytes).
    Removing stm32l0xx_hal_uart.o(.rev16_text), (4 bytes).
    Removing stm32l0xx_hal_uart.o(.revsh_text), (4 bytes).
    Removing stm32l0xx_hal_uart.o(i.HAL_HalfDuplex_EnableReceiver), (54 bytes).
    Removing stm32l0xx_hal_uart.o(i.HAL_HalfDuplex_EnableTransmitter), (54 bytes).
    Removing stm32l0xx_hal_uart.o(i.HAL_HalfDuplex_Init), (118 bytes).
    Removing stm32l0xx_hal_uart.o(i.HAL_LIN_Init), (146 bytes).
    Removing stm32l0xx_hal_uart.o(i.HAL_LIN_SendBreak), (42 bytes).
    Removing stm32l0xx_hal_uart.o(i.HAL_MultiProcessor_DisableMuteMode), (46 bytes).
    Removing stm32l0xx_hal_uart.o(i.HAL_MultiProcessor_EnableMuteMode), (46 bytes).
    Removing stm32l0xx_hal_uart.o(i.HAL_MultiProcessor_EnterMuteMode), (12 bytes).
    Removing stm32l0xx_hal_uart.o(i.HAL_MultiProcessor_Init), (144 bytes).
    Removing stm32l0xx_hal_uart.o(i.HAL_UART_Abort), (120 bytes).
    Removing stm32l0xx_hal_uart.o(i.HAL_UART_AbortCpltCallback), (2 bytes).
    Removing stm32l0xx_hal_uart.o(i.HAL_UART_AbortReceive), (80 bytes).
    Removing stm32l0xx_hal_uart.o(i.HAL_UART_AbortReceiveCpltCallback), (2 bytes).
    Removing stm32l0xx_hal_uart.o(i.HAL_UART_AbortReceive_IT), (116 bytes).
    Removing stm32l0xx_hal_uart.o(i.HAL_UART_AbortTransmit), (62 bytes).
    Removing stm32l0xx_hal_uart.o(i.HAL_UART_AbortTransmitCpltCallback), (2 bytes).
    Removing stm32l0xx_hal_uart.o(i.HAL_UART_AbortTransmit_IT), (92 bytes).
    Removing stm32l0xx_hal_uart.o(i.HAL_UART_Abort_IT), (196 bytes).
    Removing stm32l0xx_hal_uart.o(i.HAL_UART_DMAPause), (94 bytes).
    Removing stm32l0xx_hal_uart.o(i.HAL_UART_DMAResume), (86 bytes).
    Removing stm32l0xx_hal_uart.o(i.HAL_UART_DMAStop), (88 bytes).
    Removing stm32l0xx_hal_uart.o(i.HAL_UART_DeInit), (62 bytes).
    Removing stm32l0xx_hal_uart.o(i.HAL_UART_ErrorCallback), (2 bytes).
    Removing stm32l0xx_hal_uart.o(i.HAL_UART_GetError), (4 bytes).
    Removing stm32l0xx_hal_uart.o(i.HAL_UART_GetState), (12 bytes).
    Removing stm32l0xx_hal_uart.o(i.HAL_UART_IRQHandler), (324 bytes).
    Removing stm32l0xx_hal_uart.o(i.HAL_UART_Init), (108 bytes).
    Removing stm32l0xx_hal_uart.o(i.HAL_UART_MspDeInit), (2 bytes).
    Removing stm32l0xx_hal_uart.o(i.HAL_UART_MspInit), (2 bytes).
    Removing stm32l0xx_hal_uart.o(i.HAL_UART_Receive), (256 bytes).
    Removing stm32l0xx_hal_uart.o(i.HAL_UART_Receive_DMA), (164 bytes).
    Removing stm32l0xx_hal_uart.o(i.HAL_UART_Receive_IT), (160 bytes).
    Removing stm32l0xx_hal_uart.o(i.HAL_UART_RxCpltCallback), (2 bytes).
    Removing stm32l0xx_hal_uart.o(i.HAL_UART_RxHalfCpltCallback), (2 bytes).
    Removing stm32l0xx_hal_uart.o(i.HAL_UART_Transmit), (200 bytes).
    Removing stm32l0xx_hal_uart.o(i.HAL_UART_Transmit_DMA), (152 bytes).
    Removing stm32l0xx_hal_uart.o(i.HAL_UART_Transmit_IT), (88 bytes).
    Removing stm32l0xx_hal_uart.o(i.HAL_UART_TxCpltCallback), (2 bytes).
    Removing stm32l0xx_hal_uart.o(i.HAL_UART_TxHalfCpltCallback), (2 bytes).
    Removing stm32l0xx_hal_uart.o(i.UART_AdvFeatureConfig), (202 bytes).
    Removing stm32l0xx_hal_uart.o(i.UART_CheckIdleState), (96 bytes).
    Removing stm32l0xx_hal_uart.o(i.UART_DMAAbortOnError), (20 bytes).
    Removing stm32l0xx_hal_uart.o(i.UART_DMAError), (74 bytes).
    Removing stm32l0xx_hal_uart.o(i.UART_DMAReceiveCplt), (64 bytes).
    Removing stm32l0xx_hal_uart.o(i.UART_DMARxAbortCallback), (54 bytes).
    Removing stm32l0xx_hal_uart.o(i.UART_DMARxHalfCplt), (10 bytes).
    Removing stm32l0xx_hal_uart.o(i.UART_DMARxOnlyAbortCallback), (28 bytes).
    Removing stm32l0xx_hal_uart.o(i.UART_DMATransmitCplt), (48 bytes).
    Removing stm32l0xx_hal_uart.o(i.UART_DMATxAbortCallback), (54 bytes).
    Removing stm32l0xx_hal_uart.o(i.UART_DMATxHalfCplt), (10 bytes).
    Removing stm32l0xx_hal_uart.o(i.UART_DMATxOnlyAbortCallback), (22 bytes).
    Removing stm32l0xx_hal_uart.o(i.UART_EndRxTransfer), (30 bytes).
    Removing stm32l0xx_hal_uart.o(i.UART_EndTxTransfer), (18 bytes).
    Removing stm32l0xx_hal_uart.o(i.UART_Receive_IT), (126 bytes).
    Removing stm32l0xx_hal_uart.o(i.UART_SetConfig), (540 bytes).
    Removing stm32l0xx_hal_uart.o(i.UART_Transmit_IT), (102 bytes).
    Removing stm32l0xx_hal_uart.o(i.UART_WaitOnFlagUntilTimeout), (98 bytes).
    Removing stm32l0xx_hal_lcd.o(.rev16_text), (4 bytes).
    Removing stm32l0xx_hal_lcd.o(.revsh_text), (4 bytes).
    Removing stm32l0xx_hal_lcd.o(i.HAL_LCD_Clear), (112 bytes).
    Removing stm32l0xx_hal_lcd.o(i.HAL_LCD_DeInit), (66 bytes).
    Removing stm32l0xx_hal_lcd.o(i.HAL_LCD_GetError), (4 bytes).
    Removing stm32l0xx_hal_lcd.o(i.HAL_LCD_GetState), (6 bytes).
    Removing stm32l0xx_hal_lcd.o(i.HAL_LCD_Init), (252 bytes).
    Removing stm32l0xx_hal_lcd.o(i.HAL_LCD_MspDeInit), (2 bytes).
    Removing stm32l0xx_hal_lcd.o(i.HAL_LCD_MspInit), (2 bytes).
    Removing stm32l0xx_hal_lcd.o(i.HAL_LCD_UpdateDisplayRequest), (76 bytes).
    Removing stm32l0xx_hal_lcd.o(i.HAL_LCD_Write), (118 bytes).
    Removing stm32l0xx_hal_lcd.o(i.LCD_WaitForSynchro), (48 bytes).
    Removing stm32l0xx_hal_pwr.o(.rev16_text), (4 bytes).
    Removing stm32l0xx_hal_pwr.o(.revsh_text), (4 bytes).
    Removing stm32l0xx_hal_pwr.o(i.HAL_PWR_ConfigPVD), (104 bytes).
    Removing stm32l0xx_hal_pwr.o(i.HAL_PWR_DeInit), (24 bytes).
    Removing stm32l0xx_hal_pwr.o(i.HAL_PWR_DisableBkUpAccess), (16 bytes).
    Removing stm32l0xx_hal_pwr.o(i.HAL_PWR_DisablePVD), (16 bytes).
    Removing stm32l0xx_hal_pwr.o(i.HAL_PWR_DisableSEVOnPend), (16 bytes).
    Removing stm32l0xx_hal_pwr.o(i.HAL_PWR_DisableSleepOnExit), (16 bytes).
    Removing stm32l0xx_hal_pwr.o(i.HAL_PWR_DisableWakeUpPin), (16 bytes).
    Removing stm32l0xx_hal_pwr.o(i.HAL_PWR_EnableBkUpAccess), (16 bytes).
    Removing stm32l0xx_hal_pwr.o(i.HAL_PWR_EnablePVD), (16 bytes).
    Removing stm32l0xx_hal_pwr.o(i.HAL_PWR_EnableSEVOnPend), (16 bytes).
    Removing stm32l0xx_hal_pwr.o(i.HAL_PWR_EnableSleepOnExit), (16 bytes).
    Removing stm32l0xx_hal_pwr.o(i.HAL_PWR_EnableWakeUpPin), (16 bytes).
    Removing stm32l0xx_hal_pwr.o(i.HAL_PWR_EnterSLEEPMode), (48 bytes).
    Removing stm32l0xx_hal_pwr.o(i.HAL_PWR_EnterSTANDBYMode), (32 bytes).
    Removing stm32l0xx_hal_pwr.o(i.HAL_PWR_EnterSTOPMode), (52 bytes).
    Removing stm32l0xx_hal_pwr.o(i.HAL_PWR_PVDCallback), (2 bytes).
    Removing stm32l0xx_hal_pwr.o(i.HAL_PWR_PVD_IRQHandler), (28 bytes).
    Removing stm32l0xx_hal_gpio.o(.rev16_text), (4 bytes).
    Removing stm32l0xx_hal_gpio.o(.revsh_text), (4 bytes).
    Removing stm32l0xx_hal_gpio.o(i.HAL_GPIO_DeInit), (228 bytes).
    Removing stm32l0xx_hal_gpio.o(i.HAL_GPIO_EXTI_Callback), (2 bytes).
    Removing stm32l0xx_hal_gpio.o(i.HAL_GPIO_LockPin), (36 bytes).
    Removing stm32l0xx_hal_gpio.o(i.HAL_GPIO_ReadPin), (10 bytes).
    Removing stm32l0xx_hal_irda.o(.rev16_text), (4 bytes).
    Removing stm32l0xx_hal_irda.o(.revsh_text), (4 bytes).
    Removing stm32l0xx_hal_irda.o(i.HAL_IRDA_Abort), (114 bytes).
    Removing stm32l0xx_hal_irda.o(i.HAL_IRDA_AbortCpltCallback), (2 bytes).
    Removing stm32l0xx_hal_irda.o(i.HAL_IRDA_AbortReceive), (78 bytes).
    Removing stm32l0xx_hal_irda.o(i.HAL_IRDA_AbortReceiveCpltCallback), (2 bytes).
    Removing stm32l0xx_hal_irda.o(i.HAL_IRDA_AbortReceive_IT), (108 bytes).
    Removing stm32l0xx_hal_irda.o(i.HAL_IRDA_AbortTransmit), (60 bytes).
    Removing stm32l0xx_hal_irda.o(i.HAL_IRDA_AbortTransmitCpltCallback), (2 bytes).
    Removing stm32l0xx_hal_irda.o(i.HAL_IRDA_AbortTransmit_IT), (84 bytes).
    Removing stm32l0xx_hal_irda.o(i.HAL_IRDA_Abort_IT), (188 bytes).
    Removing stm32l0xx_hal_irda.o(i.HAL_IRDA_DMAPause), (94 bytes).
    Removing stm32l0xx_hal_irda.o(i.HAL_IRDA_DMAResume), (86 bytes).
    Removing stm32l0xx_hal_irda.o(i.HAL_IRDA_DMAStop), (88 bytes).
    Removing stm32l0xx_hal_irda.o(i.HAL_IRDA_DeInit), (50 bytes).
    Removing stm32l0xx_hal_irda.o(i.HAL_IRDA_ErrorCallback), (2 bytes).
    Removing stm32l0xx_hal_irda.o(i.HAL_IRDA_GetError), (4 bytes).
    Removing stm32l0xx_hal_irda.o(i.HAL_IRDA_GetState), (12 bytes).
    Removing stm32l0xx_hal_irda.o(i.HAL_IRDA_IRQHandler), (292 bytes).
    Removing stm32l0xx_hal_irda.o(i.HAL_IRDA_Init), (188 bytes).
    Removing stm32l0xx_hal_irda.o(i.HAL_IRDA_MspDeInit), (2 bytes).
    Removing stm32l0xx_hal_irda.o(i.HAL_IRDA_MspInit), (2 bytes).
    Removing stm32l0xx_hal_irda.o(i.HAL_IRDA_Receive), (240 bytes).
    Removing stm32l0xx_hal_irda.o(i.HAL_IRDA_Receive_DMA), (160 bytes).
    Removing stm32l0xx_hal_irda.o(i.HAL_IRDA_Receive_IT), (152 bytes).
    Removing stm32l0xx_hal_irda.o(i.HAL_IRDA_RxCpltCallback), (2 bytes).
    Removing stm32l0xx_hal_irda.o(i.HAL_IRDA_RxHalfCpltCallback), (2 bytes).
    Removing stm32l0xx_hal_irda.o(i.HAL_IRDA_Transmit), (190 bytes).
    Removing stm32l0xx_hal_irda.o(i.HAL_IRDA_Transmit_DMA), (148 bytes).
    Removing stm32l0xx_hal_irda.o(i.HAL_IRDA_Transmit_IT), (84 bytes).
    Removing stm32l0xx_hal_irda.o(i.HAL_IRDA_TxCpltCallback), (2 bytes).
    Removing stm32l0xx_hal_irda.o(i.HAL_IRDA_TxHalfCpltCallback), (2 bytes).
    Removing stm32l0xx_hal_irda.o(i.IRDA_DMAAbortOnError), (16 bytes).
    Removing stm32l0xx_hal_irda.o(i.IRDA_DMAError), (70 bytes).
    Removing stm32l0xx_hal_irda.o(i.IRDA_DMAReceiveCplt), (62 bytes).
    Removing stm32l0xx_hal_irda.o(i.IRDA_DMAReceiveHalfCplt), (10 bytes).
    Removing stm32l0xx_hal_irda.o(i.IRDA_DMARxAbortCallback), (48 bytes).
    Removing stm32l0xx_hal_irda.o(i.IRDA_DMARxOnlyAbortCallback), (26 bytes).
    Removing stm32l0xx_hal_irda.o(i.IRDA_DMATransmitCplt), (46 bytes).
    Removing stm32l0xx_hal_irda.o(i.IRDA_DMATransmitHalfCplt), (10 bytes).
    Removing stm32l0xx_hal_irda.o(i.IRDA_DMATxAbortCallback), (48 bytes).
    Removing stm32l0xx_hal_irda.o(i.IRDA_DMATxOnlyAbortCallback), (20 bytes).
    Removing stm32l0xx_hal_irda.o(i.IRDA_EndRxTransfer), (30 bytes).
    Removing stm32l0xx_hal_irda.o(i.IRDA_EndTxTransfer), (18 bytes).
    Removing stm32l0xx_hal_irda.o(i.IRDA_Receive_IT), (122 bytes).
    Removing stm32l0xx_hal_irda.o(i.IRDA_SetConfig), (240 bytes).
    Removing stm32l0xx_hal_irda.o(i.IRDA_Transmit_IT), (98 bytes).
    Removing stm32l0xx_hal_irda.o(i.IRDA_WaitOnFlagUntilTimeout), (98 bytes).
    Removing stm32l0xx_hal_uart_ex.o(.rev16_text), (4 bytes).
    Removing stm32l0xx_hal_uart_ex.o(.revsh_text), (4 bytes).
    Removing stm32l0xx_hal_uart_ex.o(i.HAL_MultiProcessorEx_AddressLength_Set), (54 bytes).
    Removing stm32l0xx_hal_uart_ex.o(i.HAL_RS485Ex_Init), (144 bytes).
    Removing stm32l0xx_hal_uart_ex.o(i.HAL_UARTEx_DisableClockStopMode), (44 bytes).
    Removing stm32l0xx_hal_uart_ex.o(i.HAL_UARTEx_DisableStopMode), (42 bytes).
    Removing stm32l0xx_hal_uart_ex.o(i.HAL_UARTEx_EnableClockStopMode), (44 bytes).
    Removing stm32l0xx_hal_uart_ex.o(i.HAL_UARTEx_EnableStopMode), (42 bytes).
    Removing stm32l0xx_hal_uart_ex.o(i.HAL_UARTEx_StopModeWakeUpSourceConfig), (152 bytes).
    Removing stm32l0xx_hal_uart_ex.o(i.HAL_UARTEx_WakeupCallback), (2 bytes).
    Removing stm32l0xx_hal_pcd.o(.rev16_text), (4 bytes).
    Removing stm32l0xx_hal_pcd.o(.revsh_text), (4 bytes).
    Removing stm32l0xx_hal_pcd.o(i.HAL_PCD_ActivateRemoteWakeup), (26 bytes).
    Removing stm32l0xx_hal_pcd.o(i.HAL_PCD_ConnectCallback), (2 bytes).
    Removing stm32l0xx_hal_pcd.o(i.HAL_PCD_DataInStageCallback), (2 bytes).
    Removing stm32l0xx_hal_pcd.o(i.HAL_PCD_DataOutStageCallback), (2 bytes).
    Removing stm32l0xx_hal_pcd.o(i.HAL_PCD_DeActivateRemoteWakeup), (26 bytes).
    Removing stm32l0xx_hal_pcd.o(i.HAL_PCD_DeInit), (40 bytes).
    Removing stm32l0xx_hal_pcd.o(i.HAL_PCD_DevConnect), (40 bytes).
    Removing stm32l0xx_hal_pcd.o(i.HAL_PCD_DevDisconnect), (38 bytes).
    Removing stm32l0xx_hal_pcd.o(i.HAL_PCD_DisconnectCallback), (2 bytes).
    Removing stm32l0xx_hal_pcd.o(i.HAL_PCD_EP_Close), (372 bytes).
    Removing stm32l0xx_hal_pcd.o(i.HAL_PCD_EP_ClrStall), (184 bytes).
    Removing stm32l0xx_hal_pcd.o(i.HAL_PCD_EP_Flush), (4 bytes).
    Removing stm32l0xx_hal_pcd.o(i.HAL_PCD_EP_GetRxCount), (20 bytes).
    Removing stm32l0xx_hal_pcd.o(i.HAL_PCD_EP_Open), (704 bytes).
    Removing stm32l0xx_hal_pcd.o(i.HAL_PCD_EP_Receive), (256 bytes).
    Removing stm32l0xx_hal_pcd.o(i.HAL_PCD_EP_SetStall), (148 bytes).
    Removing stm32l0xx_hal_pcd.o(i.HAL_PCD_EP_Transmit), (320 bytes).
    Removing stm32l0xx_hal_pcd.o(i.HAL_PCD_GetState), (8 bytes).
    Removing stm32l0xx_hal_pcd.o(i.HAL_PCD_IRQHandler), (384 bytes).
    Removing stm32l0xx_hal_pcd.o(i.HAL_PCD_ISOINIncompleteCallback), (2 bytes).
    Removing stm32l0xx_hal_pcd.o(i.HAL_PCD_ISOOUTIncompleteCallback), (2 bytes).
    Removing stm32l0xx_hal_pcd.o(i.HAL_PCD_Init), (178 bytes).
    Removing stm32l0xx_hal_pcd.o(i.HAL_PCD_MspDeInit), (2 bytes).
    Removing stm32l0xx_hal_pcd.o(i.HAL_PCD_MspInit), (2 bytes).
    Removing stm32l0xx_hal_pcd.o(i.HAL_PCD_ResetCallback), (2 bytes).
    Removing stm32l0xx_hal_pcd.o(i.HAL_PCD_ResumeCallback), (2 bytes).
    Removing stm32l0xx_hal_pcd.o(i.HAL_PCD_SOFCallback), (2 bytes).
    Removing stm32l0xx_hal_pcd.o(i.HAL_PCD_SetAddress), (44 bytes).
    Removing stm32l0xx_hal_pcd.o(i.HAL_PCD_SetupStageCallback), (2 bytes).
    Removing stm32l0xx_hal_pcd.o(i.HAL_PCD_Start), (18 bytes).
    Removing stm32l0xx_hal_pcd.o(i.HAL_PCD_Stop), (48 bytes).
    Removing stm32l0xx_hal_pcd.o(i.HAL_PCD_SuspendCallback), (2 bytes).
    Removing stm32l0xx_hal_pcd.o(i.PCD_EP_ISR_Handler), (828 bytes).
    Removing stm32l0xx_hal_pcd.o(i.PCD_ReadPMA), (30 bytes).
    Removing stm32l0xx_hal_pcd.o(i.PCD_WritePMA), (38 bytes).
    Removing stm32l0xx_hal_flash.o(.rev16_text), (4 bytes).
    Removing stm32l0xx_hal_flash.o(.revsh_text), (4 bytes).
    Removing stm32l0xx_hal_flash.o(i.FLASH_SetErrorCode), (144 bytes).
    Removing stm32l0xx_hal_flash.o(i.FLASH_WaitForLastOperation), (112 bytes).
    Removing stm32l0xx_hal_flash.o(i.HAL_FLASH_EndOfOperationCallback), (2 bytes).
    Removing stm32l0xx_hal_flash.o(i.HAL_FLASH_GetError), (12 bytes).
    Removing stm32l0xx_hal_flash.o(i.HAL_FLASH_IRQHandler), (220 bytes).
    Removing stm32l0xx_hal_flash.o(i.HAL_FLASH_Lock), (20 bytes).
    Removing stm32l0xx_hal_flash.o(i.HAL_FLASH_OB_Launch), (32 bytes).
    Removing stm32l0xx_hal_flash.o(i.HAL_FLASH_OB_Lock), (20 bytes).
    Removing stm32l0xx_hal_flash.o(i.HAL_FLASH_OB_Unlock), (60 bytes).
    Removing stm32l0xx_hal_flash.o(i.HAL_FLASH_OperationErrorCallback), (2 bytes).
    Removing stm32l0xx_hal_flash.o(i.HAL_FLASH_Program), (60 bytes).
    Removing stm32l0xx_hal_flash.o(i.HAL_FLASH_Program_IT), (60 bytes).
    Removing stm32l0xx_hal_flash.o(i.HAL_FLASH_Unlock), (60 bytes).
    Removing stm32l0xx_hal_flash.o(.bss), (24 bytes).
    Removing stm32l0xx_hal_lptim.o(.rev16_text), (4 bytes).
    Removing stm32l0xx_hal_lptim.o(.revsh_text), (4 bytes).
    Removing stm32l0xx_hal_lptim.o(i.HAL_LPTIM_AutoReloadMatchCallback), (2 bytes).
    Removing stm32l0xx_hal_lptim.o(i.HAL_LPTIM_AutoReloadWriteCallback), (2 bytes).
    Removing stm32l0xx_hal_lptim.o(i.HAL_LPTIM_CompareMatchCallback), (2 bytes).
    Removing stm32l0xx_hal_lptim.o(i.HAL_LPTIM_CompareWriteCallback), (2 bytes).
    Removing stm32l0xx_hal_lptim.o(i.HAL_LPTIM_Counter_Start), (68 bytes).
    Removing stm32l0xx_hal_lptim.o(i.HAL_LPTIM_Counter_Start_IT), (108 bytes).
    Removing stm32l0xx_hal_lptim.o(i.HAL_LPTIM_Counter_Stop), (26 bytes).
    Removing stm32l0xx_hal_lptim.o(i.HAL_LPTIM_Counter_Stop_IT), (68 bytes).
    Removing stm32l0xx_hal_lptim.o(i.HAL_LPTIM_DeInit), (42 bytes).
    Removing stm32l0xx_hal_lptim.o(i.HAL_LPTIM_DirectionDownCallback), (2 bytes).
    Removing stm32l0xx_hal_lptim.o(i.HAL_LPTIM_DirectionUpCallback), (2 bytes).
    Removing stm32l0xx_hal_lptim.o(i.HAL_LPTIM_Encoder_Start), (68 bytes).
    Removing stm32l0xx_hal_lptim.o(i.HAL_LPTIM_Encoder_Start_IT), (88 bytes).
    Removing stm32l0xx_hal_lptim.o(i.HAL_LPTIM_Encoder_Stop), (38 bytes).
    Removing stm32l0xx_hal_lptim.o(i.HAL_LPTIM_Encoder_Stop_IT), (60 bytes).
    Removing stm32l0xx_hal_lptim.o(i.HAL_LPTIM_GetState), (6 bytes).
    Removing stm32l0xx_hal_lptim.o(i.HAL_LPTIM_IRQHandler), (216 bytes).
    Removing stm32l0xx_hal_lptim.o(i.HAL_LPTIM_Init), (144 bytes).
    Removing stm32l0xx_hal_lptim.o(i.HAL_LPTIM_MspDeInit), (2 bytes).
    Removing stm32l0xx_hal_lptim.o(i.HAL_LPTIM_MspInit), (2 bytes).
    Removing stm32l0xx_hal_lptim.o(i.HAL_LPTIM_OnePulse_Start), (52 bytes).
    Removing stm32l0xx_hal_lptim.o(i.HAL_LPTIM_OnePulse_Start_IT), (116 bytes).
    Removing stm32l0xx_hal_lptim.o(i.HAL_LPTIM_OnePulse_Stop), (26 bytes).
    Removing stm32l0xx_hal_lptim.o(i.HAL_LPTIM_OnePulse_Stop_IT), (88 bytes).
    Removing stm32l0xx_hal_lptim.o(i.HAL_LPTIM_PWM_Start), (56 bytes).
    Removing stm32l0xx_hal_lptim.o(i.HAL_LPTIM_PWM_Start_IT), (112 bytes).
    Removing stm32l0xx_hal_lptim.o(i.HAL_LPTIM_PWM_Stop), (26 bytes).
    Removing stm32l0xx_hal_lptim.o(i.HAL_LPTIM_PWM_Stop_IT), (88 bytes).
    Removing stm32l0xx_hal_lptim.o(i.HAL_LPTIM_ReadAutoReload), (6 bytes).
    Removing stm32l0xx_hal_lptim.o(i.HAL_LPTIM_ReadCompare), (6 bytes).
    Removing stm32l0xx_hal_lptim.o(i.HAL_LPTIM_ReadCounter), (6 bytes).
    Removing stm32l0xx_hal_lptim.o(i.HAL_LPTIM_SetOnce_Start), (52 bytes).
    Removing stm32l0xx_hal_lptim.o(i.HAL_LPTIM_SetOnce_Start_IT), (116 bytes).
    Removing stm32l0xx_hal_lptim.o(i.HAL_LPTIM_SetOnce_Stop), (26 bytes).
    Removing stm32l0xx_hal_lptim.o(i.HAL_LPTIM_SetOnce_Stop_IT), (88 bytes).
    Removing stm32l0xx_hal_lptim.o(i.HAL_LPTIM_TimeOut_Start), (56 bytes).
    Removing stm32l0xx_hal_lptim.o(i.HAL_LPTIM_TimeOut_Start_IT), (88 bytes).
    Removing stm32l0xx_hal_lptim.o(i.HAL_LPTIM_TimeOut_Stop), (38 bytes).
    Removing stm32l0xx_hal_lptim.o(i.HAL_LPTIM_TimeOut_Stop_IT), (72 bytes).
    Removing stm32l0xx_hal_lptim.o(i.HAL_LPTIM_TriggerCallback), (2 bytes).
    Removing stm32l0xx_hal_cortex.o(.rev16_text), (4 bytes).
    Removing stm32l0xx_hal_cortex.o(.revsh_text), (4 bytes).
    Removing stm32l0xx_hal_cortex.o(i.HAL_MPU_ConfigRegion), (80 bytes).
    Removing stm32l0xx_hal_cortex.o(i.HAL_NVIC_ClearPendingIRQ), (24 bytes).
    Removing stm32l0xx_hal_cortex.o(i.HAL_NVIC_DisableIRQ), (32 bytes).
    Removing stm32l0xx_hal_cortex.o(i.HAL_NVIC_GetPendingIRQ), (32 bytes).
    Removing stm32l0xx_hal_cortex.o(i.HAL_NVIC_GetPriority), (52 bytes).
    Removing stm32l0xx_hal_cortex.o(i.HAL_NVIC_SetPendingIRQ), (24 bytes).
    Removing stm32l0xx_hal_cortex.o(i.HAL_NVIC_SystemReset), (28 bytes).
    Removing stm32l0xx_hal_cortex.o(i.HAL_SYSTICK_CLKSourceConfig), (24 bytes).
    Removing stm32l0xx_hal_cortex.o(i.HAL_SYSTICK_Callback), (2 bytes).
    Removing stm32l0xx_hal_cortex.o(i.HAL_SYSTICK_IRQHandler), (8 bytes).
    Removing stm32l0xx_hal_i2c_ex.o(.rev16_text), (4 bytes).
    Removing stm32l0xx_hal_i2c_ex.o(.revsh_text), (4 bytes).
    Removing stm32l0xx_hal_i2c_ex.o(i.HAL_I2CEx_ConfigAnalogFilter), (74 bytes).
    Removing stm32l0xx_hal_i2c_ex.o(i.HAL_I2CEx_ConfigDigitalFilter), (72 bytes).
    Removing stm32l0xx_hal_i2c_ex.o(i.HAL_I2CEx_DisableFastModePlus), (28 bytes).
    Removing stm32l0xx_hal_i2c_ex.o(i.HAL_I2CEx_DisableWakeUp), (66 bytes).
    Removing stm32l0xx_hal_i2c_ex.o(i.HAL_I2CEx_EnableFastModePlus), (28 bytes).
    Removing stm32l0xx_hal_i2c_ex.o(i.HAL_I2CEx_EnableWakeUp), (66 bytes).
    Removing stm32l0xx_hal_i2c.o(.rev16_text), (4 bytes).
    Removing stm32l0xx_hal_i2c.o(.revsh_text), (4 bytes).
    Removing stm32l0xx_hal_i2c.o(i.HAL_I2C_AbortCpltCallback), (2 bytes).
    Removing stm32l0xx_hal_i2c.o(i.HAL_I2C_AddrCallback), (2 bytes).
    Removing stm32l0xx_hal_i2c.o(i.HAL_I2C_DeInit), (52 bytes).
    Removing stm32l0xx_hal_i2c.o(i.HAL_I2C_DisableListen_IT), (48 bytes).
    Removing stm32l0xx_hal_i2c.o(i.HAL_I2C_ER_IRQHandler), (88 bytes).
    Removing stm32l0xx_hal_i2c.o(i.HAL_I2C_EV_IRQHandler), (16 bytes).
    Removing stm32l0xx_hal_i2c.o(i.HAL_I2C_EnableListen_IT), (40 bytes).
    Removing stm32l0xx_hal_i2c.o(i.HAL_I2C_ErrorCallback), (2 bytes).
    Removing stm32l0xx_hal_i2c.o(i.HAL_I2C_GetError), (4 bytes).
    Removing stm32l0xx_hal_i2c.o(i.HAL_I2C_GetMode), (6 bytes).
    Removing stm32l0xx_hal_i2c.o(i.HAL_I2C_GetState), (6 bytes).
    Removing stm32l0xx_hal_i2c.o(i.HAL_I2C_Init), (180 bytes).
    Removing stm32l0xx_hal_i2c.o(i.HAL_I2C_IsDeviceReady), (284 bytes).
    Removing stm32l0xx_hal_i2c.o(i.HAL_I2C_ListenCpltCallback), (2 bytes).
    Removing stm32l0xx_hal_i2c.o(i.HAL_I2C_MasterRxCpltCallback), (2 bytes).
    Removing stm32l0xx_hal_i2c.o(i.HAL_I2C_MasterTxCpltCallback), (2 bytes).
    Removing stm32l0xx_hal_i2c.o(i.HAL_I2C_Master_Abort_IT), (92 bytes).
    Removing stm32l0xx_hal_i2c.o(i.HAL_I2C_Master_Receive), (280 bytes).
    Removing stm32l0xx_hal_i2c.o(i.HAL_I2C_Master_Receive_DMA), (236 bytes).
    Removing stm32l0xx_hal_i2c.o(i.HAL_I2C_Master_Receive_IT), (128 bytes).
    Removing stm32l0xx_hal_i2c.o(i.HAL_I2C_Master_Sequential_Receive_IT), (120 bytes).
    Removing stm32l0xx_hal_i2c.o(i.HAL_I2C_Master_Sequential_Transmit_IT), (116 bytes).
    Removing stm32l0xx_hal_i2c.o(i.HAL_I2C_Master_Transmit), (280 bytes).
    Removing stm32l0xx_hal_i2c.o(i.HAL_I2C_Master_Transmit_DMA), (240 bytes).
    Removing stm32l0xx_hal_i2c.o(i.HAL_I2C_Master_Transmit_IT), (128 bytes).
    Removing stm32l0xx_hal_i2c.o(i.HAL_I2C_MemRxCpltCallback), (2 bytes).
    Removing stm32l0xx_hal_i2c.o(i.HAL_I2C_MemTxCpltCallback), (2 bytes).
    Removing stm32l0xx_hal_i2c.o(i.HAL_I2C_Mem_Read), (348 bytes).
    Removing stm32l0xx_hal_i2c.o(i.HAL_I2C_Mem_Read_DMA), (252 bytes).
    Removing stm32l0xx_hal_i2c.o(i.HAL_I2C_Mem_Read_IT), (188 bytes).
    Removing stm32l0xx_hal_i2c.o(i.HAL_I2C_Mem_Write), (340 bytes).
    Removing stm32l0xx_hal_i2c.o(i.HAL_I2C_Mem_Write_DMA), (244 bytes).
    Removing stm32l0xx_hal_i2c.o(i.HAL_I2C_Mem_Write_IT), (184 bytes).
    Removing stm32l0xx_hal_i2c.o(i.HAL_I2C_MspDeInit), (2 bytes).
    Removing stm32l0xx_hal_i2c.o(i.HAL_I2C_MspInit), (2 bytes).
    Removing stm32l0xx_hal_i2c.o(i.HAL_I2C_SlaveRxCpltCallback), (2 bytes).
    Removing stm32l0xx_hal_i2c.o(i.HAL_I2C_SlaveTxCpltCallback), (2 bytes).
    Removing stm32l0xx_hal_i2c.o(i.HAL_I2C_Slave_Receive), (292 bytes).
    Removing stm32l0xx_hal_i2c.o(i.HAL_I2C_Slave_Receive_DMA), (156 bytes).
    Removing stm32l0xx_hal_i2c.o(i.HAL_I2C_Slave_Receive_IT), (88 bytes).
    Removing stm32l0xx_hal_i2c.o(i.HAL_I2C_Slave_Sequential_Receive_IT), (144 bytes).
    Removing stm32l0xx_hal_i2c.o(i.HAL_I2C_Slave_Sequential_Transmit_IT), (144 bytes).
    Removing stm32l0xx_hal_i2c.o(i.HAL_I2C_Slave_Transmit), (300 bytes).
    Removing stm32l0xx_hal_i2c.o(i.HAL_I2C_Slave_Transmit_DMA), (156 bytes).
    Removing stm32l0xx_hal_i2c.o(i.HAL_I2C_Slave_Transmit_IT), (88 bytes).
    Removing stm32l0xx_hal_i2c.o(i.I2C_DMAAbort), (52 bytes).
    Removing stm32l0xx_hal_i2c.o(i.I2C_DMAError), (24 bytes).
    Removing stm32l0xx_hal_i2c.o(i.I2C_DMAMasterReceiveCplt), (68 bytes).
    Removing stm32l0xx_hal_i2c.o(i.I2C_DMAMasterTransmitCplt), (68 bytes).
    Removing stm32l0xx_hal_i2c.o(i.I2C_DMASlaveReceiveCplt), (2 bytes).
    Removing stm32l0xx_hal_i2c.o(i.I2C_DMASlaveTransmitCplt), (2 bytes).
    Removing stm32l0xx_hal_i2c.o(i.I2C_Disable_IRQ), (86 bytes).
    Removing stm32l0xx_hal_i2c.o(i.I2C_Enable_IRQ), (100 bytes).
    Removing stm32l0xx_hal_i2c.o(i.I2C_Flush_TXDR), (34 bytes).
    Removing stm32l0xx_hal_i2c.o(i.I2C_ITAddrCplt), (122 bytes).
    Removing stm32l0xx_hal_i2c.o(i.I2C_ITError), (204 bytes).
    Removing stm32l0xx_hal_i2c.o(i.I2C_ITListenCplt), (96 bytes).
    Removing stm32l0xx_hal_i2c.o(i.I2C_ITMasterCplt), (160 bytes).
    Removing stm32l0xx_hal_i2c.o(i.I2C_ITMasterSequentialCplt), (70 bytes).
    Removing stm32l0xx_hal_i2c.o(i.I2C_ITSlaveCplt), (232 bytes).
    Removing stm32l0xx_hal_i2c.o(i.I2C_ITSlaveSequentialCplt), (74 bytes).
    Removing stm32l0xx_hal_i2c.o(i.I2C_IsAcknowledgeFailed), (116 bytes).
    Removing stm32l0xx_hal_i2c.o(i.I2C_Master_ISR_DMA), (194 bytes).
    Removing stm32l0xx_hal_i2c.o(i.I2C_Master_ISR_IT), (296 bytes).
    Removing stm32l0xx_hal_i2c.o(i.I2C_RequestMemoryRead), (108 bytes).
    Removing stm32l0xx_hal_i2c.o(i.I2C_RequestMemoryWrite), (108 bytes).
    Removing stm32l0xx_hal_i2c.o(i.I2C_Slave_ISR_DMA), (104 bytes).
    Removing stm32l0xx_hal_i2c.o(i.I2C_Slave_ISR_IT), (280 bytes).
    Removing stm32l0xx_hal_i2c.o(i.I2C_TransferConfig), (40 bytes).
    Removing stm32l0xx_hal_i2c.o(i.I2C_WaitOnFlagUntilTimeout), (72 bytes).
    Removing stm32l0xx_hal_i2c.o(i.I2C_WaitOnRXNEFlagUntilTimeout), (120 bytes).
    Removing stm32l0xx_hal_i2c.o(i.I2C_WaitOnSTOPFlagUntilTimeout), (78 bytes).
    Removing stm32l0xx_hal_i2c.o(i.I2C_WaitOnTXISFlagUntilTimeout), (82 bytes).
    Removing stm32l0xx_hal_tim_ex.o(.rev16_text), (4 bytes).
    Removing stm32l0xx_hal_tim_ex.o(.revsh_text), (4 bytes).
    Removing stm32l0xx_hal_tim_ex.o(i.HAL_TIMEx_MasterConfigSynchronization), (72 bytes).
    Removing stm32l0xx_hal_tim_ex.o(i.HAL_TIMEx_RemapConfig), (30 bytes).
    Removing stm32l0xx_hal_flash_ex.o(.rev16_text), (4 bytes).
    Removing stm32l0xx_hal_flash_ex.o(.revsh_text), (4 bytes).
    Removing stm32l0xx_hal_flash_ex.o(i.FLASH_OB_ProtectedSectorsConfig), (80 bytes).
    Removing stm32l0xx_hal_flash_ex.o(i.FLASH_PageErase), (44 bytes).
    Removing stm32l0xx_hal_flash_ex.o(i.HAL_FLASHEx_AdvOBGetConfig), (24 bytes).
    Removing stm32l0xx_hal_flash_ex.o(i.HAL_FLASHEx_AdvOBProgram), (24 bytes).
    Removing stm32l0xx_hal_flash_ex.o(i.HAL_FLASHEx_DATAEEPROM_DisableFixedTimeProgram), (16 bytes).
    Removing stm32l0xx_hal_flash_ex.o(i.HAL_FLASHEx_DATAEEPROM_EnableFixedTimeProgram), (16 bytes).
    Removing stm32l0xx_hal_flash_ex.o(i.HAL_FLASHEx_DATAEEPROM_Erase), (40 bytes).
    Removing stm32l0xx_hal_flash_ex.o(i.HAL_FLASHEx_DATAEEPROM_Lock), (20 bytes).
    Removing stm32l0xx_hal_flash_ex.o(i.HAL_FLASHEx_DATAEEPROM_Program), (84 bytes).
    Removing stm32l0xx_hal_flash_ex.o(i.HAL_FLASHEx_DATAEEPROM_Unlock), (36 bytes).
    Removing stm32l0xx_hal_flash_ex.o(i.HAL_FLASHEx_Erase), (120 bytes).
    Removing stm32l0xx_hal_flash_ex.o(i.HAL_FLASHEx_Erase_IT), (92 bytes).
    Removing stm32l0xx_hal_flash_ex.o(i.HAL_FLASHEx_OBGetConfig), (44 bytes).
    Removing stm32l0xx_hal_flash_ex.o(i.HAL_FLASHEx_OBProgram), (292 bytes).
    Removing stm32l0xx_hal_flash_ex.o(i.HAL_FLASHEx_OB_DeSelectPCROP), (52 bytes).
    Removing stm32l0xx_hal_flash_ex.o(i.HAL_FLASHEx_OB_SelectPCROP), (56 bytes).
    Removing stm32l0xx_hal_dma.o(.rev16_text), (4 bytes).
    Removing stm32l0xx_hal_dma.o(.revsh_text), (4 bytes).
    Removing stm32l0xx_hal_dma.o(i.DMA_SetConfig), (30 bytes).
    Removing stm32l0xx_hal_dma.o(i.HAL_DMA_Abort), (76 bytes).
    Removing stm32l0xx_hal_dma.o(i.HAL_DMA_Abort_IT), (152 bytes).
    Removing stm32l0xx_hal_dma.o(i.HAL_DMA_DeInit), (468 bytes).
    Removing stm32l0xx_hal_dma.o(i.HAL_DMA_GetError), (4 bytes).
    Removing stm32l0xx_hal_dma.o(i.HAL_DMA_GetState), (6 bytes).
    Removing stm32l0xx_hal_dma.o(i.HAL_DMA_IRQHandler), (640 bytes).
    Removing stm32l0xx_hal_dma.o(i.HAL_DMA_Init), (264 bytes).
    Removing stm32l0xx_hal_dma.o(i.HAL_DMA_PollForTransfer), (616 bytes).
    Removing stm32l0xx_hal_dma.o(i.HAL_DMA_Start), (50 bytes).
    Removing stm32l0xx_hal_dma.o(i.HAL_DMA_Start_IT), (78 bytes).
    Removing stm32l0xx_hal_pcd_ex.o(.rev16_text), (4 bytes).
    Removing stm32l0xx_hal_pcd_ex.o(.revsh_text), (4 bytes).
    Removing stm32l0xx_hal_pcd_ex.o(i.HAL_PCDEx_ActivateBCD), (32 bytes).
    Removing stm32l0xx_hal_pcd_ex.o(i.HAL_PCDEx_ActivateLPM), (36 bytes).
    Removing stm32l0xx_hal_pcd_ex.o(i.HAL_PCDEx_BCD_Callback), (2 bytes).
    Removing stm32l0xx_hal_pcd_ex.o(i.HAL_PCDEx_BCD_VBUSDetect), (144 bytes).
    Removing stm32l0xx_hal_pcd_ex.o(i.HAL_PCDEx_DeActivateBCD), (26 bytes).
    Removing stm32l0xx_hal_pcd_ex.o(i.HAL_PCDEx_DeActivateLPM), (34 bytes).
    Removing stm32l0xx_hal_pcd_ex.o(i.HAL_PCDEx_LPM_Callback), (2 bytes).
    Removing stm32l0xx_hal_pcd_ex.o(i.HAL_PCDEx_PMAConfig), (58 bytes).
    Removing system_stm32l0xx.o(.rev16_text), (4 bytes).
    Removing system_stm32l0xx.o(.revsh_text), (4 bytes).
    Removing system_stm32l0xx.o(i.SystemCoreClockUpdate), (136 bytes).
    Removing system_stm32l0xx.o(.constdata), (8 bytes).
    Removing stm32l0xx_it.o(.rev16_text), (4 bytes).
    Removing stm32l0xx_it.o(.revsh_text), (4 bytes).
    Removing stm32l0xx_it.o(i.DebugMon_Handler), (2 bytes).
    Removing main.o(.rev16_text), (4 bytes).
    Removing main.o(.revsh_text), (4 bytes).
    Removing stm32l0xx_hal_msp.o(.rev16_text), (4 bytes).
    Removing stm32l0xx_hal_msp.o(.revsh_text), (4 bytes).
    Removing stm32l0xx_hal_msp.o(i.HAL_MspDeInit), (2 bytes).
    Removing startup_stm32l053xx.o(HEAP), (512 bytes).

960 unused section(s) (total 68778 bytes) removed from the image.

==============================================================================

Image Symbol Table

    Local Symbols

    Symbol Name                              Value     Ov Type        Size  Object(Section)

    ../../../../Drivers/BSP/STM32L0xx_Nucleo/stm32l0xx_nucleo.c 0x00000000   Number         0  stm32l0xx_nucleo.o ABSOLUTE
    ../../../../Drivers/STM32L0xx_HAL_Driver/Src/stm32l0xx_hal.c 0x00000000   Number         0  stm32l0xx_hal.o ABSOLUTE
    ../../../../Drivers/STM32L0xx_HAL_Driver/Src/stm32l0xx_hal_adc.c 0x00000000   Number         0  stm32l0xx_hal_adc.o ABSOLUTE
    ../../../../Drivers/STM32L0xx_HAL_Driver/Src/stm32l0xx_hal_adc_ex.c 0x00000000   Number         0  stm32l0xx_hal_adc_ex.o ABSOLUTE
    ../../../../Drivers/STM32L0xx_HAL_Driver/Src/stm32l0xx_hal_comp.c 0x00000000   Number         0  stm32l0xx_hal_comp.o ABSOLUTE
    ../../../../Drivers/STM32L0xx_HAL_Driver/Src/stm32l0xx_hal_cortex.c 0x00000000   Number         0  stm32l0xx_hal_cortex.o ABSOLUTE
    ../../../../Drivers/STM32L0xx_HAL_Driver/Src/stm32l0xx_hal_crc.c 0x00000000   Number         0  stm32l0xx_hal_crc.o ABSOLUTE
    ../../../../Drivers/STM32L0xx_HAL_Driver/Src/stm32l0xx_hal_crc_ex.c 0x00000000   Number         0  stm32l0xx_hal_crc_ex.o ABSOLUTE
    ../../../../Drivers/STM32L0xx_HAL_Driver/Src/stm32l0xx_hal_dac.c 0x00000000   Number         0  stm32l0xx_hal_dac.o ABSOLUTE
    ../../../../Drivers/STM32L0xx_HAL_Driver/Src/stm32l0xx_hal_dac_ex.c 0x00000000   Number         0  stm32l0xx_hal_dac_ex.o ABSOLUTE
    ../../../../Drivers/STM32L0xx_HAL_Driver/Src/stm32l0xx_hal_dma.c 0x00000000   Number         0  stm32l0xx_hal_dma.o ABSOLUTE
    ../../../../Drivers/STM32L0xx_HAL_Driver/Src/stm32l0xx_hal_flash.c 0x00000000   Number         0  stm32l0xx_hal_flash.o ABSOLUTE
    ../../../../Drivers/STM32L0xx_HAL_Driver/Src/stm32l0xx_hal_flash_ex.c 0x00000000   Number         0  stm32l0xx_hal_flash_ex.o ABSOLUTE
    ../../../../Drivers/STM32L0xx_HAL_Driver/Src/stm32l0xx_hal_gpio.c 0x00000000   Number         0  stm32l0xx_hal_gpio.o ABSOLUTE
    ../../../../Drivers/STM32L0xx_HAL_Driver/Src/stm32l0xx_hal_i2c.c 0x00000000   Number         0  stm32l0xx_hal_i2c.o ABSOLUTE
    ../../../../Drivers/STM32L0xx_HAL_Driver/Src/stm32l0xx_hal_i2c_ex.c 0x00000000   Number         0  stm32l0xx_hal_i2c_ex.o ABSOLUTE
    ../../../../Drivers/STM32L0xx_HAL_Driver/Src/stm32l0xx_hal_i2s.c 0x00000000   Number         0  stm32l0xx_hal_i2s.o ABSOLUTE
    ../../../../Drivers/STM32L0xx_HAL_Driver/Src/stm32l0xx_hal_irda.c 0x00000000   Number         0  stm32l0xx_hal_irda.o ABSOLUTE
    ../../../../Drivers/STM32L0xx_HAL_Driver/Src/stm32l0xx_hal_iwdg.c 0x00000000   Number         0  stm32l0xx_hal_iwdg.o ABSOLUTE
    ../../../../Drivers/STM32L0xx_HAL_Driver/Src/stm32l0xx_hal_lcd.c 0x00000000   Number         0  stm32l0xx_hal_lcd.o ABSOLUTE
    ../../../../Drivers/STM32L0xx_HAL_Driver/Src/stm32l0xx_hal_lptim.c 0x00000000   Number         0  stm32l0xx_hal_lptim.o ABSOLUTE
    ../../../../Drivers/STM32L0xx_HAL_Driver/Src/stm32l0xx_hal_pcd.c 0x00000000   Number         0  stm32l0xx_hal_pcd.o ABSOLUTE
    ../../../../Drivers/STM32L0xx_HAL_Driver/Src/stm32l0xx_hal_pwr.c 0x00000000   Number         0  stm32l0xx_hal_pwr.o ABSOLUTE
    ../../../../Drivers/STM32L0xx_HAL_Driver/Src/stm32l0xx_hal_pwr_ex.c 0x00000000   Number         0  stm32l0xx_hal_pwr_ex.o ABSOLUTE
    ../../../../Drivers/STM32L0xx_HAL_Driver/Src/stm32l0xx_hal_rcc.c 0x00000000   Number         0  stm32l0xx_hal_rcc.o ABSOLUTE
    ../../../../Drivers/STM32L0xx_HAL_Driver/Src/stm32l0xx_hal_rcc_ex.c 0x00000000   Number         0  stm32l0xx_hal_rcc_ex.o ABSOLUTE
    ../../../../Drivers/STM32L0xx_HAL_Driver/Src/stm32l0xx_hal_rng.c 0x00000000   Number         0  stm32l0xx_hal_rng.o ABSOLUTE
    ../../../../Drivers/STM32L0xx_HAL_Driver/Src/stm32l0xx_hal_rtc.c 0x00000000   Number         0  stm32l0xx_hal_rtc.o ABSOLUTE
    ../../../../Drivers/STM32L0xx_HAL_Driver/Src/stm32l0xx_hal_rtc_ex.c 0x00000000   Number         0  stm32l0xx_hal_rtc_ex.o ABSOLUTE
    ../../../../Drivers/STM32L0xx_HAL_Driver/Src/stm32l0xx_hal_smartcard.c 0x00000000   Number         0  stm32l0xx_hal_smartcard.o ABSOLUTE
    ../../../../Drivers/STM32L0xx_HAL_Driver/Src/stm32l0xx_hal_smbus.c 0x00000000   Number         0  stm32l0xx_hal_smbus.o ABSOLUTE
    ../../../../Drivers/STM32L0xx_HAL_Driver/Src/stm32l0xx_hal_spi.c 0x00000000   Number         0  stm32l0xx_hal_spi.o ABSOLUTE
    ../../../../Drivers/STM32L0xx_HAL_Driver/Src/stm32l0xx_hal_tim.c 0x00000000   Number         0  stm32l0xx_hal_tim.o ABSOLUTE
    ../../../../Drivers/STM32L0xx_HAL_Driver/Src/stm32l0xx_hal_tim_ex.c 0x00000000   Number         0  stm32l0xx_hal_tim_ex.o ABSOLUTE
    ../../../../Drivers/STM32L0xx_HAL_Driver/Src/stm32l0xx_hal_uart.c 0x00000000   Number         0  stm32l0xx_hal_uart.o ABSOLUTE
    ../../../../Drivers/STM32L0xx_HAL_Driver/Src/stm32l0xx_hal_uart_ex.c 0x00000000   Number         0  stm32l0xx_hal_uart_ex.o ABSOLUTE
    ../../../../Drivers/STM32L0xx_HAL_Driver/Src/stm32l0xx_hal_usart.c 0x00000000   Number         0  stm32l0xx_hal_usart.o ABSOLUTE
    ../../../../Drivers/STM32L0xx_HAL_Driver/Src/stm32l0xx_hal_wwdg.c 0x00000000   Number         0  stm32l0xx_hal_wwdg.o ABSOLUTE
    ../Src/main.c                            0x00000000   Number         0  main.o ABSOLUTE
    ../Src/stm32l0xx_it.c                    0x00000000   Number         0  stm32l0xx_it.o ABSOLUTE
    ../Src/system_stm32l0xx.c                0x00000000   Number         0  system_stm32l0xx.o ABSOLUTE
    ../clib/microlib/division.c              0x00000000   Number         0  uidiv.o ABSOLUTE
    ../clib/microlib/division.c              0x00000000   Number         0  uldiv.o ABSOLUTE
    ../clib/microlib/init/entry.s            0x00000000   Number         0  entry9a.o ABSOLUTE
    ../clib/microlib/init/entry.s            0x00000000   Number         0  entry.o ABSOLUTE
    ../clib/microlib/init/entry.s            0x00000000   Number         0  entry9b.o ABSOLUTE
    ../clib/microlib/init/entry.s            0x00000000   Number         0  entry10a.o ABSOLUTE
    ../clib/microlib/init/entry.s            0x00000000   Number         0  entry10b.o ABSOLUTE
    ../clib/microlib/init/entry.s            0x00000000   Number         0  entry11a.o ABSOLUTE
    ../clib/microlib/init/entry.s            0x00000000   Number         0  entry11b.o ABSOLUTE
    ../clib/microlib/init/entry.s            0x00000000   Number         0  entry2.o ABSOLUTE
    ../clib/microlib/init/entry.s            0x00000000   Number         0  entry8a.o ABSOLUTE
    ../clib/microlib/init/entry.s            0x00000000   Number         0  entry5.o ABSOLUTE
    ../clib/microlib/init/entry.s            0x00000000   Number         0  entry7a.o ABSOLUTE
    ../clib/microlib/init/entry.s            0x00000000   Number         0  entry7b.o ABSOLUTE
    ../clib/microlib/init/entry.s            0x00000000   Number         0  entry8b.o ABSOLUTE
    ../clib/microlib/longlong.c              0x00000000   Number         0  llushr.o ABSOLUTE
    ../clib/microlib/longlong.c              0x00000000   Number         0  llshl.o ABSOLUTE
    ../clib/microlib/string/memset.c         0x00000000   Number         0  memseta.o ABSOLUTE
    ../clib/microlib/unhosted.c              0x00000000   Number         0  uread4.o ABSOLUTE
    ..\..\..\..\Drivers\BSP\STM32L0xx_Nucleo\stm32l0xx_nucleo.c 0x00000000   Number         0  stm32l0xx_nucleo.o ABSOLUTE
    ..\..\..\..\Drivers\STM32L0xx_HAL_Driver\Src\stm32l0xx_hal.c 0x00000000   Number         0  stm32l0xx_hal.o ABSOLUTE
    ..\..\..\..\Drivers\STM32L0xx_HAL_Driver\Src\stm32l0xx_hal_adc.c 0x00000000   Number         0  stm32l0xx_hal_adc.o ABSOLUTE
    ..\..\..\..\Drivers\STM32L0xx_HAL_Driver\Src\stm32l0xx_hal_adc_ex.c 0x00000000   Number         0  stm32l0xx_hal_adc_ex.o ABSOLUTE
    ..\..\..\..\Drivers\STM32L0xx_HAL_Driver\Src\stm32l0xx_hal_comp.c 0x00000000   Number         0  stm32l0xx_hal_comp.o ABSOLUTE
    ..\..\..\..\Drivers\STM32L0xx_HAL_Driver\Src\stm32l0xx_hal_cortex.c 0x00000000   Number         0  stm32l0xx_hal_cortex.o ABSOLUTE
    ..\..\..\..\Drivers\STM32L0xx_HAL_Driver\Src\stm32l0xx_hal_crc.c 0x00000000   Number         0  stm32l0xx_hal_crc.o ABSOLUTE
    ..\..\..\..\Drivers\STM32L0xx_HAL_Driver\Src\stm32l0xx_hal_crc_ex.c 0x00000000   Number         0  stm32l0xx_hal_crc_ex.o ABSOLUTE
    ..\..\..\..\Drivers\STM32L0xx_HAL_Driver\Src\stm32l0xx_hal_dac.c 0x00000000   Number         0  stm32l0xx_hal_dac.o ABSOLUTE
    ..\..\..\..\Drivers\STM32L0xx_HAL_Driver\Src\stm32l0xx_hal_dac_ex.c 0x00000000   Number         0  stm32l0xx_hal_dac_ex.o ABSOLUTE
    ..\..\..\..\Drivers\STM32L0xx_HAL_Driver\Src\stm32l0xx_hal_dma.c 0x00000000   Number         0  stm32l0xx_hal_dma.o ABSOLUTE
    ..\..\..\..\Drivers\STM32L0xx_HAL_Driver\Src\stm32l0xx_hal_flash.c 0x00000000   Number         0  stm32l0xx_hal_flash.o ABSOLUTE
    ..\..\..\..\Drivers\STM32L0xx_HAL_Driver\Src\stm32l0xx_hal_flash_ex.c 0x00000000   Number         0  stm32l0xx_hal_flash_ex.o ABSOLUTE
    ..\..\..\..\Drivers\STM32L0xx_HAL_Driver\Src\stm32l0xx_hal_gpio.c 0x00000000   Number         0  stm32l0xx_hal_gpio.o ABSOLUTE
    ..\..\..\..\Drivers\STM32L0xx_HAL_Driver\Src\stm32l0xx_hal_i2c.c 0x00000000   Number         0  stm32l0xx_hal_i2c.o ABSOLUTE
    ..\..\..\..\Drivers\STM32L0xx_HAL_Driver\Src\stm32l0xx_hal_i2c_ex.c 0x00000000   Number         0  stm32l0xx_hal_i2c_ex.o ABSOLUTE
    ..\..\..\..\Drivers\STM32L0xx_HAL_Driver\Src\stm32l0xx_hal_i2s.c 0x00000000   Number         0  stm32l0xx_hal_i2s.o ABSOLUTE
    ..\..\..\..\Drivers\STM32L0xx_HAL_Driver\Src\stm32l0xx_hal_irda.c 0x00000000   Number         0  stm32l0xx_hal_irda.o ABSOLUTE
    ..\..\..\..\Drivers\STM32L0xx_HAL_Driver\Src\stm32l0xx_hal_iwdg.c 0x00000000   Number         0  stm32l0xx_hal_iwdg.o ABSOLUTE
    ..\..\..\..\Drivers\STM32L0xx_HAL_Driver\Src\stm32l0xx_hal_lcd.c 0x00000000   Number         0  stm32l0xx_hal_lcd.o ABSOLUTE
    ..\..\..\..\Drivers\STM32L0xx_HAL_Driver\Src\stm32l0xx_hal_lptim.c 0x00000000   Number         0  stm32l0xx_hal_lptim.o ABSOLUTE
    ..\..\..\..\Drivers\STM32L0xx_HAL_Driver\Src\stm32l0xx_hal_pcd.c 0x00000000   Number         0  stm32l0xx_hal_pcd.o ABSOLUTE
    ..\..\..\..\Drivers\STM32L0xx_HAL_Driver\Src\stm32l0xx_hal_pcd_ex.c 0x00000000   Number         0  stm32l0xx_hal_pcd_ex.o ABSOLUTE
    ..\..\..\..\Drivers\STM32L0xx_HAL_Driver\Src\stm32l0xx_hal_pwr.c 0x00000000   Number         0  stm32l0xx_hal_pwr.o ABSOLUTE
    ..\..\..\..\Drivers\STM32L0xx_HAL_Driver\Src\stm32l0xx_hal_pwr_ex.c 0x00000000   Number         0  stm32l0xx_hal_pwr_ex.o ABSOLUTE
    ..\..\..\..\Drivers\STM32L0xx_HAL_Driver\Src\stm32l0xx_hal_rcc.c 0x00000000   Number         0  stm32l0xx_hal_rcc.o ABSOLUTE
    ..\..\..\..\Drivers\STM32L0xx_HAL_Driver\Src\stm32l0xx_hal_rcc_ex.c 0x00000000   Number         0  stm32l0xx_hal_rcc_ex.o ABSOLUTE
    ..\..\..\..\Drivers\STM32L0xx_HAL_Driver\Src\stm32l0xx_hal_rng.c 0x00000000   Number         0  stm32l0xx_hal_rng.o ABSOLUTE
    ..\..\..\..\Drivers\STM32L0xx_HAL_Driver\Src\stm32l0xx_hal_rtc.c 0x00000000   Number         0  stm32l0xx_hal_rtc.o ABSOLUTE
    ..\..\..\..\Drivers\STM32L0xx_HAL_Driver\Src\stm32l0xx_hal_rtc_ex.c 0x00000000   Number         0  stm32l0xx_hal_rtc_ex.o ABSOLUTE
    ..\..\..\..\Drivers\STM32L0xx_HAL_Driver\Src\stm32l0xx_hal_smartcard.c 0x00000000   Number         0  stm32l0xx_hal_smartcard.o ABSOLUTE
    ..\..\..\..\Drivers\STM32L0xx_HAL_Driver\Src\stm32l0xx_hal_smbus.c 0x00000000   Number         0  stm32l0xx_hal_smbus.o ABSOLUTE
    ..\..\..\..\Drivers\STM32L0xx_HAL_Driver\Src\stm32l0xx_hal_spi.c 0x00000000   Number         0  stm32l0xx_hal_spi.o ABSOLUTE
    ..\..\..\..\Drivers\STM32L0xx_HAL_Driver\Src\stm32l0xx_hal_tim.c 0x00000000   Number         0  stm32l0xx_hal_tim.o ABSOLUTE
    ..\..\..\..\Drivers\STM32L0xx_HAL_Driver\Src\stm32l0xx_hal_tim_ex.c 0x00000000   Number         0  stm32l0xx_hal_tim_ex.o ABSOLUTE
    ..\..\..\..\Drivers\STM32L0xx_HAL_Driver\Src\stm32l0xx_hal_uart.c 0x00000000   Number         0  stm32l0xx_hal_uart.o ABSOLUTE
    ..\..\..\..\Drivers\STM32L0xx_HAL_Driver\Src\stm32l0xx_hal_uart_ex.c 0x00000000   Number         0  stm32l0xx_hal_uart_ex.o ABSOLUTE
    ..\..\..\..\Drivers\STM32L0xx_HAL_Driver\Src\stm32l0xx_hal_usart.c 0x00000000   Number         0  stm32l0xx_hal_usart.o ABSOLUTE
    ..\..\..\..\Drivers\STM32L0xx_HAL_Driver\Src\stm32l0xx_hal_wwdg.c 0x00000000   Number         0  stm32l0xx_hal_wwdg.o ABSOLUTE
    ..\..\Examples\TIM\TIM_PWMInput\Src\stm32l0xx_hal_msp.c 0x00000000   Number         0  stm32l0xx_hal_msp.o ABSOLUTE
    ..\Src\main.c                            0x00000000   Number         0  main.o ABSOLUTE
    ..\Src\stm32l0xx_it.c                    0x00000000   Number         0  stm32l0xx_it.o ABSOLUTE
    ..\Src\system_stm32l0xx.c                0x00000000   Number         0  system_stm32l0xx.o ABSOLUTE
    ..\\..\\..\\..\\Drivers\\STM32L0xx_HAL_Driver\\Src\\stm32l0xx_hal_pcd_ex.c 0x00000000   Number         0  stm32l0xx_hal_pcd_ex.o ABSOLUTE
    ..\\..\\Examples\\TIM\\TIM_PWMInput\\Src\\stm32l0xx_hal_msp.c 0x00000000   Number         0  stm32l0xx_hal_msp.o ABSOLUTE
    dc.s                                     0x00000000   Number         0  dc.o ABSOLUTE
    handlers.s                               0x00000000   Number         0  handlers.o ABSOLUTE
    init.s                                   0x00000000   Number         0  init.o ABSOLUTE
    startup_stm32l053xx.s                    0x00000000   Number         0  startup_stm32l053xx.o ABSOLUTE
    RESET                                    0x08000000   Section      192  startup_stm32l053xx.o(RESET)
    .ARM.Collect$$$$00000000                 0x080000c0   Section        0  entry.o(.ARM.Collect$$$$00000000)
    .ARM.Collect$$$$00000001                 0x080000c0   Section        4  entry2.o(.ARM.Collect$$$$00000001)
    .ARM.Collect$$$$00000004                 0x080000c4   Section        4  entry5.o(.ARM.Collect$$$$00000004)
    .ARM.Collect$$$$00000008                 0x080000c8   Section        0  entry7b.o(.ARM.Collect$$$$00000008)
    .ARM.Collect$$$$0000000A                 0x080000c8   Section        0  entry8b.o(.ARM.Collect$$$$0000000A)
    .ARM.Collect$$$$0000000B                 0x080000c8   Section        8  entry9a.o(.ARM.Collect$$$$0000000B)
    .ARM.Collect$$$$0000000D                 0x080000d0   Section        0  entry10a.o(.ARM.Collect$$$$0000000D)
    .ARM.Collect$$$$0000000F                 0x080000d0   Section        0  entry11a.o(.ARM.Collect$$$$0000000F)
    .ARM.Collect$$$$00002712                 0x080000d0   Section        4  entry2.o(.ARM.Collect$$$$00002712)
    __lit__00000000                          0x080000d0   Data           4  entry2.o(.ARM.Collect$$$$00002712)
    .text                                    0x080000d4   Section       28  startup_stm32l053xx.o(.text)
    .text                                    0x080000f0   Section        0  uidiv.o(.text)
    .text                                    0x0800011c   Section       36  init.o(.text)
    i.BSP_LED_Init                           0x08000140   Section        0  stm32l0xx_nucleo.o(i.BSP_LED_Init)
    i.BSP_LED_Toggle                         0x08000190   Section        0  stm32l0xx_nucleo.o(i.BSP_LED_Toggle)
    i.EXTI4_15_IRQHandler                    0x080001ac   Section        0  stm32l0xx_it.o(i.EXTI4_15_IRQHandler)
    i.Error_Handler                          0x080001b8   Section        0  main.o(i.Error_Handler)
    Error_Handler                            0x080001b9   Thumb Code    16  main.o(i.Error_Handler)
    i.HAL_Delay                              0x080001cc   Section        0  stm32l0xx_hal.o(i.HAL_Delay)
    i.HAL_GPIO_EXTI_Callback                 0x080001e2   Section        0  main.o(i.HAL_GPIO_EXTI_Callback)
    i.HAL_GPIO_EXTI_IRQHandler               0x080001f4   Section        0  stm32l0xx_hal_gpio.o(i.HAL_GPIO_EXTI_IRQHandler)
    i.HAL_GPIO_Init                          0x0800020c   Section        0  stm32l0xx_hal_gpio.o(i.HAL_GPIO_Init)
    i.HAL_GPIO_TogglePin                     0x08000384   Section        0  stm32l0xx_hal_gpio.o(i.HAL_GPIO_TogglePin)
    i.HAL_GPIO_WritePin                      0x0800038c   Section        0  stm32l0xx_hal_gpio.o(i.HAL_GPIO_WritePin)
    i.HAL_GetTick                            0x08000398   Section        0  stm32l0xx_hal.o(i.HAL_GetTick)
    i.HAL_IncTick                            0x080003a4   Section        0  stm32l0xx_hal.o(i.HAL_IncTick)
    i.HAL_Init                               0x080003b4   Section        0  stm32l0xx_hal.o(i.HAL_Init)
    i.HAL_InitTick                           0x080003dc   Section        0  stm32l0xx_hal.o(i.HAL_InitTick)
    i.HAL_MspInit                            0x08000404   Section        0  stm32l0xx_hal_msp.o(i.HAL_MspInit)
    i.HAL_NVIC_EnableIRQ                     0x08000408   Section        0  stm32l0xx_hal_cortex.o(i.HAL_NVIC_EnableIRQ)
    i.HAL_NVIC_SetPriority                   0x08000420   Section        0  stm32l0xx_hal_cortex.o(i.HAL_NVIC_SetPriority)
    i.HAL_RCC_ClockConfig                    0x08000428   Section        0  stm32l0xx_hal_rcc.o(i.HAL_RCC_ClockConfig)
    i.HAL_RCC_GetHCLKFreq                    0x08000590   Section        0  stm32l0xx_hal_rcc.o(i.HAL_RCC_GetHCLKFreq)
    i.HAL_RCC_GetSysClockFreq                0x0800059c   Section        0  stm32l0xx_hal_rcc.o(i.HAL_RCC_GetSysClockFreq)
    i.HAL_RCC_OscConfig                      0x08000614   Section        0  stm32l0xx_hal_rcc.o(i.HAL_RCC_OscConfig)
    i.HAL_SYSTICK_Config                     0x08000a68   Section        0  stm32l0xx_hal_cortex.o(i.HAL_SYSTICK_Config)
    i.HAL_TIM_IC_CaptureCallback             0x08000a98   Section        0  main.o(i.HAL_TIM_IC_CaptureCallback)
    i.HAL_TIM_IC_ConfigChannel               0x08000ae8   Section        0  stm32l0xx_hal_tim.o(i.HAL_TIM_IC_ConfigChannel)
    i.HAL_TIM_IC_Init                        0x08000c08   Section        0  stm32l0xx_hal_tim.o(i.HAL_TIM_IC_Init)
    i.HAL_TIM_IC_MspInit                     0x08000c3c   Section        0  stm32l0xx_hal_msp.o(i.HAL_TIM_IC_MspInit)
    i.HAL_TIM_IC_Start_IT                    0x08000c88   Section        0  stm32l0xx_hal_tim.o(i.HAL_TIM_IC_Start_IT)
    i.HAL_TIM_IRQHandler                     0x08000cd0   Section        0  stm32l0xx_hal_tim.o(i.HAL_TIM_IRQHandler)
    i.HAL_TIM_OC_DelayElapsedCallback        0x08000df6   Section        0  stm32l0xx_hal_tim.o(i.HAL_TIM_OC_DelayElapsedCallback)
    i.HAL_TIM_PWM_PulseFinishedCallback      0x08000df8   Section        0  stm32l0xx_hal_tim.o(i.HAL_TIM_PWM_PulseFinishedCallback)
    i.HAL_TIM_PeriodElapsedCallback          0x08000dfa   Section        0  stm32l0xx_hal_tim.o(i.HAL_TIM_PeriodElapsedCallback)
    i.HAL_TIM_ReadCapturedValue              0x08000dfc   Section        0  stm32l0xx_hal_tim.o(i.HAL_TIM_ReadCapturedValue)
    i.HAL_TIM_SlaveConfigSynchronization     0x08000e42   Section        0  stm32l0xx_hal_tim.o(i.HAL_TIM_SlaveConfigSynchronization)
    i.HAL_TIM_TriggerCallback                0x08000e7e   Section        0  stm32l0xx_hal_tim.o(i.HAL_TIM_TriggerCallback)
    i.HardFault_Handler                      0x08000e80   Section        0  stm32l0xx_it.o(i.HardFault_Handler)
    i.NMI_Handler                            0x08000e82   Section        0  stm32l0xx_it.o(i.NMI_Handler)
    i.PendSV_Handler                         0x08000e84   Section        0  stm32l0xx_it.o(i.PendSV_Handler)
    i.RCC_SetFlashLatencyFromMSIRange        0x08000e88   Section        0  stm32l0xx_hal_rcc.o(i.RCC_SetFlashLatencyFromMSIRange)
    RCC_SetFlashLatencyFromMSIRange          0x08000e89   Thumb Code    94  stm32l0xx_hal_rcc.o(i.RCC_SetFlashLatencyFromMSIRange)
    i.SVC_Handler                            0x08000ef8   Section        0  stm32l0xx_it.o(i.SVC_Handler)
    i.SysTick_Handler                        0x08000efa   Section        0  stm32l0xx_it.o(i.SysTick_Handler)
    i.SystemClock_Config                     0x08000f04   Section        0  main.o(i.SystemClock_Config)
    SystemClock_Config                       0x08000f05   Thumb Code    88  main.o(i.SystemClock_Config)
    i.SystemInit                             0x08000f64   Section        0  system_stm32l0xx.o(i.SystemInit)
    i.TIM2_IRQHandler                        0x08000fb8   Section        0  stm32l0xx_it.o(i.TIM2_IRQHandler)
    i.TIM_Base_SetConfig                     0x08000fc8   Section        0  stm32l0xx_hal_tim.o(i.TIM_Base_SetConfig)
    TIM_Base_SetConfig                       0x08000fc9   Thumb Code    70  stm32l0xx_hal_tim.o(i.TIM_Base_SetConfig)
    i.TIM_CCxChannelCmd                      0x08001018   Section        0  stm32l0xx_hal_tim.o(i.TIM_CCxChannelCmd)
    TIM_CCxChannelCmd                        0x08001019   Thumb Code    22  stm32l0xx_hal_tim.o(i.TIM_CCxChannelCmd)
    i.TIM_ETR_SetConfig                      0x0800102e   Section        0  stm32l0xx_hal_tim.o(i.TIM_ETR_SetConfig)
    TIM_ETR_SetConfig                        0x0800102f   Thumb Code    22  stm32l0xx_hal_tim.o(i.TIM_ETR_SetConfig)
    i.TIM_SlaveTimer_SetConfig               0x08001044   Section        0  stm32l0xx_hal_tim.o(i.TIM_SlaveTimer_SetConfig)
    TIM_SlaveTimer_SetConfig                 0x08001045   Thumb Code   122  stm32l0xx_hal_tim.o(i.TIM_SlaveTimer_SetConfig)
    i.TIM_TI1_ConfigInputStage               0x080010be   Section        0  stm32l0xx_hal_tim.o(i.TIM_TI1_ConfigInputStage)
    TIM_TI1_ConfigInputStage                 0x080010bf   Thumb Code    34  stm32l0xx_hal_tim.o(i.TIM_TI1_ConfigInputStage)
    i.TIM_TI1_SetConfig                      0x080010e0   Section        0  stm32l0xx_hal_tim.o(i.TIM_TI1_SetConfig)
    TIM_TI1_SetConfig                        0x080010e1   Thumb Code    72  stm32l0xx_hal_tim.o(i.TIM_TI1_SetConfig)
    i.TIM_TI2_ConfigInputStage               0x08001130   Section        0  stm32l0xx_hal_tim.o(i.TIM_TI2_ConfigInputStage)
    TIM_TI2_ConfigInputStage                 0x08001131   Thumb Code    38  stm32l0xx_hal_tim.o(i.TIM_TI2_ConfigInputStage)
    i.TIM_TI2_SetConfig                      0x08001156   Section        0  stm32l0xx_hal_tim.o(i.TIM_TI2_SetConfig)
    TIM_TI2_SetConfig                        0x08001157   Thumb Code    52  stm32l0xx_hal_tim.o(i.TIM_TI2_SetConfig)
    i.__ARM_common_switch8                   0x0800118a   Section        0  stm32l0xx_hal_tim.o(i.__ARM_common_switch8)
    i.__NVIC_SetPriority                     0x080011a4   Section        0  stm32l0xx_hal_cortex.o(i.__NVIC_SetPriority)
    __NVIC_SetPriority                       0x080011a5   Thumb Code    60  stm32l0xx_hal_cortex.o(i.__NVIC_SetPriority)
    i.__scatterload_copy                     0x080011e8   Section       14  handlers.o(i.__scatterload_copy)
    i.__scatterload_null                     0x080011f6   Section        2  handlers.o(i.__scatterload_null)
    i.__scatterload_zeroinit                 0x080011f8   Section       14  handlers.o(i.__scatterload_zeroinit)
    i.main                                   0x08001208   Section        0  main.o(i.main)
    .constdata                               0x080012e4   Section        6  stm32l0xx_nucleo.o(.constdata)
    .constdata                               0x080012ea   Section       25  system_stm32l0xx.o(.constdata)
    .data                                    0x20000000   Section       20  stm32l0xx_nucleo.o(.data)
    sConfig                                  0x2000000c   Data           8  stm32l0xx_nucleo.o(.data)
    .data                                    0x20000014   Section        4  stm32l0xx_hal.o(.data)
    .data                                    0x20000018   Section        4  system_stm32l0xx.o(.data)
    .data                                    0x2000001c   Section       12  main.o(.data)
    .bss                                     0x20000028   Section       92  main.o(.bss)
    STACK                                    0x20000088   Section     1024  startup_stm32l053xx.o(STACK)

    Global Symbols

    Symbol Name                              Value     Ov Type        Size  Object(Section)

    BuildAttributes$$THM_ISAv3M$S$PE$A:L22$X:L11$S22$IEEE1$IW$USESV6$~STKCKD$USESV7$~SHL$OSPACE$EBA8$MICROLIB$REQ8$PRES8$EABIv2 0x00000000   Number         0  anon$$obj.o ABSOLUTE
    __ARM_use_no_argv                        0x00000000   Number         0  main.o ABSOLUTE
    __cpp_initialize__aeabi_                  - Undefined Weak Reference
    __cxa_finalize                            - Undefined Weak Reference
    __decompress                              - Undefined Weak Reference
    _clock_init                               - Undefined Weak Reference
    _microlib_exit                            - Undefined Weak Reference
    __Vectors_Size                           0x000000c0   Number         0  startup_stm32l053xx.o ABSOLUTE
    __Vectors                                0x08000000   Data           4  startup_stm32l053xx.o(RESET)
    __Vectors_End                            0x080000c0   Data           0  startup_stm32l053xx.o(RESET)
    __main                                   0x080000c1   Thumb Code     0  entry.o(.ARM.Collect$$$$00000000)
    _main_stk                                0x080000c1   Thumb Code     0  entry2.o(.ARM.Collect$$$$00000001)
    _main_scatterload                        0x080000c5   Thumb Code     0  entry5.o(.ARM.Collect$$$$00000004)
    __main_after_scatterload                 0x080000c9   Thumb Code     0  entry5.o(.ARM.Collect$$$$00000004)
    _main_clock                              0x080000c9   Thumb Code     0  entry7b.o(.ARM.Collect$$$$00000008)
    _main_cpp_init                           0x080000c9   Thumb Code     0  entry8b.o(.ARM.Collect$$$$0000000A)
    _main_init                               0x080000c9   Thumb Code     0  entry9a.o(.ARM.Collect$$$$0000000B)
    __rt_final_cpp                           0x080000d1   Thumb Code     0  entry10a.o(.ARM.Collect$$$$0000000D)
    __rt_final_exit                          0x080000d1   Thumb Code     0  entry11a.o(.ARM.Collect$$$$0000000F)
    Reset_Handler                            0x080000d5   Thumb Code     8  startup_stm32l053xx.o(.text)
    ADC1_COMP_IRQHandler                     0x080000e7   Thumb Code     0  startup_stm32l053xx.o(.text)
    DMA1_Channel1_IRQHandler                 0x080000e7   Thumb Code     0  startup_stm32l053xx.o(.text)
    DMA1_Channel2_3_IRQHandler               0x080000e7   Thumb Code     0  startup_stm32l053xx.o(.text)
    DMA1_Channel4_5_6_7_IRQHandler           0x080000e7   Thumb Code     0  startup_stm32l053xx.o(.text)
    EXTI0_1_IRQHandler                       0x080000e7   Thumb Code     0  startup_stm32l053xx.o(.text)
    EXTI2_3_IRQHandler                       0x080000e7   Thumb Code     0  startup_stm32l053xx.o(.text)
    FLASH_IRQHandler                         0x080000e7   Thumb Code     0  startup_stm32l053xx.o(.text)
    I2C1_IRQHandler                          0x080000e7   Thumb Code     0  startup_stm32l053xx.o(.text)
    I2C2_IRQHandler                          0x080000e7   Thumb Code     0  startup_stm32l053xx.o(.text)
    LCD_IRQHandler                           0x080000e7   Thumb Code     0  startup_stm32l053xx.o(.text)
    LPTIM1_IRQHandler                        0x080000e7   Thumb Code     0  startup_stm32l053xx.o(.text)
    PVD_IRQHandler                           0x080000e7   Thumb Code     0  startup_stm32l053xx.o(.text)
    RCC_CRS_IRQHandler                       0x080000e7   Thumb Code     0  startup_stm32l053xx.o(.text)
    RNG_LPUART1_IRQHandler                   0x080000e7   Thumb Code     0  startup_stm32l053xx.o(.text)
    RTC_IRQHandler                           0x080000e7   Thumb Code     0  startup_stm32l053xx.o(.text)
    SPI1_IRQHandler                          0x080000e7   Thumb Code     0  startup_stm32l053xx.o(.text)
    SPI2_IRQHandler                          0x080000e7   Thumb Code     0  startup_stm32l053xx.o(.text)
    TIM21_IRQHandler                         0x080000e7   Thumb Code     0  startup_stm32l053xx.o(.text)
    TIM22_IRQHandler                         0x080000e7   Thumb Code     0  startup_stm32l053xx.o(.text)
    TIM6_DAC_IRQHandler                      0x080000e7   Thumb Code     0  startup_stm32l053xx.o(.text)
    TSC_IRQHandler                           0x080000e7   Thumb Code     0  startup_stm32l053xx.o(.text)
    USART1_IRQHandler                        0x080000e7   Thumb Code     0  startup_stm32l053xx.o(.text)
    USART2_IRQHandler                        0x080000e7   Thumb Code     0  startup_stm32l053xx.o(.text)
    USB_IRQHandler                           0x080000e7   Thumb Code     0  startup_stm32l053xx.o(.text)
    WWDG_IRQHandler                          0x080000e7   Thumb Code     0  startup_stm32l053xx.o(.text)
    __aeabi_uidiv                            0x080000f1   Thumb Code     0  uidiv.o(.text)
    __aeabi_uidivmod                         0x080000f1   Thumb Code    44  uidiv.o(.text)
    __scatterload                            0x0800011d   Thumb Code    28  init.o(.text)
    __scatterload_rt2                        0x0800011d   Thumb Code     0  init.o(.text)
    BSP_LED_Init                             0x08000141   Thumb Code    68  stm32l0xx_nucleo.o(i.BSP_LED_Init)
    BSP_LED_Toggle                           0x08000191   Thumb Code    20  stm32l0xx_nucleo.o(i.BSP_LED_Toggle)
    EXTI4_15_IRQHandler                      0x080001ad   Thumb Code    12  stm32l0xx_it.o(i.EXTI4_15_IRQHandler)
    HAL_Delay                                0x080001cd   Thumb Code    22  stm32l0xx_hal.o(i.HAL_Delay)
    HAL_GPIO_EXTI_Callback                   0x080001e3   Thumb Code    18  main.o(i.HAL_GPIO_EXTI_Callback)
    HAL_GPIO_EXTI_IRQHandler                 0x080001f5   Thumb Code    18  stm32l0xx_hal_gpio.o(i.HAL_GPIO_EXTI_IRQHandler)
    HAL_GPIO_Init                            0x0800020d   Thumb Code   346  stm32l0xx_hal_gpio.o(i.HAL_GPIO_Init)
    HAL_GPIO_TogglePin                       0x08000385   Thumb Code     8  stm32l0xx_hal_gpio.o(i.HAL_GPIO_TogglePin)
    HAL_GPIO_WritePin                        0x0800038d   Thumb Code    12  stm32l0xx_hal_gpio.o(i.HAL_GPIO_WritePin)
    HAL_GetTick                              0x08000399   Thumb Code     6  stm32l0xx_hal.o(i.HAL_GetTick)
    HAL_IncTick                              0x080003a5   Thumb Code    10  stm32l0xx_hal.o(i.HAL_IncTick)
    HAL_Init                                 0x080003b5   Thumb Code    34  stm32l0xx_hal.o(i.HAL_Init)
    HAL_InitTick                             0x080003dd   Thumb Code    34  stm32l0xx_hal.o(i.HAL_InitTick)
    HAL_MspInit                              0x08000405   Thumb Code     2  stm32l0xx_hal_msp.o(i.HAL_MspInit)
    HAL_NVIC_EnableIRQ                       0x08000409   Thumb Code    18  stm32l0xx_hal_cortex.o(i.HAL_NVIC_EnableIRQ)
    HAL_NVIC_SetPriority                     0x08000421   Thumb Code     8  stm32l0xx_hal_cortex.o(i.HAL_NVIC_SetPriority)
    HAL_RCC_ClockConfig                      0x08000429   Thumb Code   340  stm32l0xx_hal_rcc.o(i.HAL_RCC_ClockConfig)
    HAL_RCC_GetHCLKFreq                      0x08000591   Thumb Code     6  stm32l0xx_hal_rcc.o(i.HAL_RCC_GetHCLKFreq)
    HAL_RCC_GetSysClockFreq                  0x0800059d   Thumb Code   100  stm32l0xx_hal_rcc.o(i.HAL_RCC_GetSysClockFreq)
    HAL_RCC_OscConfig                        0x08000615   Thumb Code  1106  stm32l0xx_hal_rcc.o(i.HAL_RCC_OscConfig)
    HAL_SYSTICK_Config                       0x08000a69   Thumb Code    38  stm32l0xx_hal_cortex.o(i.HAL_SYSTICK_Config)
    HAL_TIM_IC_CaptureCallback               0x08000a99   Thumb Code    74  main.o(i.HAL_TIM_IC_CaptureCallback)
    HAL_TIM_IC_ConfigChannel                 0x08000ae9   Thumb Code   288  stm32l0xx_hal_tim.o(i.HAL_TIM_IC_ConfigChannel)
    HAL_TIM_IC_Init                          0x08000c09   Thumb Code    52  stm32l0xx_hal_tim.o(i.HAL_TIM_IC_Init)
    HAL_TIM_IC_MspInit                       0x08000c3d   Thumb Code    72  stm32l0xx_hal_msp.o(i.HAL_TIM_IC_MspInit)
    HAL_TIM_IC_Start_IT                      0x08000c89   Thumb Code    72  stm32l0xx_hal_tim.o(i.HAL_TIM_IC_Start_IT)
    HAL_TIM_IRQHandler                       0x08000cd1   Thumb Code   294  stm32l0xx_hal_tim.o(i.HAL_TIM_IRQHandler)
    HAL_TIM_OC_DelayElapsedCallback          0x08000df7   Thumb Code     2  stm32l0xx_hal_tim.o(i.HAL_TIM_OC_DelayElapsedCallback)
    HAL_TIM_PWM_PulseFinishedCallback        0x08000df9   Thumb Code     2  stm32l0xx_hal_tim.o(i.HAL_TIM_PWM_PulseFinishedCallback)
    HAL_TIM_PeriodElapsedCallback            0x08000dfb   Thumb Code     2  stm32l0xx_hal_tim.o(i.HAL_TIM_PeriodElapsedCallback)
    HAL_TIM_ReadCapturedValue                0x08000dfd   Thumb Code    70  stm32l0xx_hal_tim.o(i.HAL_TIM_ReadCapturedValue)
    HAL_TIM_SlaveConfigSynchronization       0x08000e43   Thumb Code    60  stm32l0xx_hal_tim.o(i.HAL_TIM_SlaveConfigSynchronization)
    HAL_TIM_TriggerCallback                  0x08000e7f   Thumb Code     2  stm32l0xx_hal_tim.o(i.HAL_TIM_TriggerCallback)
    HardFault_Handler                        0x08000e81   Thumb Code     2  stm32l0xx_it.o(i.HardFault_Handler)
    NMI_Handler                              0x08000e83   Thumb Code     2  stm32l0xx_it.o(i.NMI_Handler)
    PendSV_Handler                           0x08000e85   Thumb Code     2  stm32l0xx_it.o(i.PendSV_Handler)
    SVC_Handler                              0x08000ef9   Thumb Code     2  stm32l0xx_it.o(i.SVC_Handler)
    SysTick_Handler                          0x08000efb   Thumb Code     8  stm32l0xx_it.o(i.SysTick_Handler)
    SystemInit                               0x08000f65   Thumb Code    66  system_stm32l0xx.o(i.SystemInit)
    TIM2_IRQHandler                          0x08000fb9   Thumb Code    10  stm32l0xx_it.o(i.TIM2_IRQHandler)
    __ARM_common_switch8                     0x0800118b   Thumb Code    26  stm32l0xx_hal_tim.o(i.__ARM_common_switch8)
    __scatterload_copy                       0x080011e9   Thumb Code    14  handlers.o(i.__scatterload_copy)
    __scatterload_null                       0x080011f7   Thumb Code     2  handlers.o(i.__scatterload_null)
    __scatterload_zeroinit                   0x080011f9   Thumb Code    14  handlers.o(i.__scatterload_zeroinit)
    main                                     0x08001209   Thumb Code   198  main.o(i.main)
    BUTTON_IRQn                              0x080012e4   Data           1  stm32l0xx_nucleo.o(.constdata)
    LED_PIN                                  0x080012e6   Data           2  stm32l0xx_nucleo.o(.constdata)
    BUTTON_PIN                               0x080012e8   Data           2  stm32l0xx_nucleo.o(.constdata)
    AHBPrescTable                            0x080012ea   Data          16  system_stm32l0xx.o(.constdata)
    PLLMulTable                              0x080012fa   Data           9  system_stm32l0xx.o(.constdata)
    Region$$Table$$Base                      0x08001304   Number         0  anon$$obj.o(Region$$Table)
    Region$$Table$$Limit                     0x08001324   Number         0  anon$$obj.o(Region$$Table)
    LED_PORT                                 0x20000000   Data           4  stm32l0xx_nucleo.o(.data)
    BUTTON_PORT                              0x20000004   Data           4  stm32l0xx_nucleo.o(.data)
    SpixTimeout                              0x20000008   Data           4  stm32l0xx_nucleo.o(.data)
    uwTick                                   0x20000014   Data           4  stm32l0xx_hal.o(.data)
    SystemCoreClock                          0x20000018   Data           4  system_stm32l0xx.o(.data)
    uwIC2Value                               0x2000001c   Data           4  main.o(.data)
    uwDutyCycle                              0x20000020   Data           4  main.o(.data)
    uwFrequency                              0x20000024   Data           4  main.o(.data)
    TimHandle                                0x20000028   Data          56  main.o(.bss)
    sConfig                                  0x20000060   Data          16  main.o(.bss)
    sSlaveConfig                             0x20000070   Data          20  main.o(.bss)
    __initial_sp                             0x20000488   Data           0  startup_stm32l053xx.o(STACK)



==============================================================================

Memory Map of the image

  Image Entry point : 0x080000c1

  Load Region LR_IROM1 (Base: 0x08000000, Size: 0x0000134c, Max: 0x00010000, ABSOLUTE)

    Execution Region ER_IROM1 (Exec base: 0x08000000, Load base: 0x08000000, Size: 0x00001324, Max: 0x00010000, ABSOLUTE)

    Exec Addr    Load Addr    Size         Type   Attr      Idx    E Section Name        Object

    0x08000000   0x08000000   0x000000c0   Data   RO         6201    RESET               startup_stm32l053xx.o
    0x080000c0   0x080000c0   0x00000000   Code   RO         6206  * .ARM.Collect$$$$00000000  mc_p.l(entry.o)
    0x080000c0   0x080000c0   0x00000004   Code   RO         6217    .ARM.Collect$$$$00000001  mc_p.l(entry2.o)
    0x080000c4   0x080000c4   0x00000004   Code   RO         6220    .ARM.Collect$$$$00000004  mc_p.l(entry5.o)
    0x080000c8   0x080000c8   0x00000000   Code   RO         6222    .ARM.Collect$$$$00000008  mc_p.l(entry7b.o)
    0x080000c8   0x080000c8   0x00000000   Code   RO         6224    .ARM.Collect$$$$0000000A  mc_p.l(entry8b.o)
    0x080000c8   0x080000c8   0x00000008   Code   RO         6225    .ARM.Collect$$$$0000000B  mc_p.l(entry9a.o)
    0x080000d0   0x080000d0   0x00000000   Code   RO         6227    .ARM.Collect$$$$0000000D  mc_p.l(entry10a.o)
    0x080000d0   0x080000d0   0x00000000   Code   RO         6229    .ARM.Collect$$$$0000000F  mc_p.l(entry11a.o)
    0x080000d0   0x080000d0   0x00000004   Code   RO         6218    .ARM.Collect$$$$00002712  mc_p.l(entry2.o)
    0x080000d4   0x080000d4   0x0000001c   Code   RO         6202    .text               startup_stm32l053xx.o
    0x080000f0   0x080000f0   0x0000002c   Code   RO         6209    .text               mc_p.l(uidiv.o)
    0x0800011c   0x0800011c   0x00000024   Code   RO         6235    .text               mc_p.l(init.o)
    0x08000140   0x08000140   0x00000050   Code   RO            9    i.BSP_LED_Init      stm32l0xx_nucleo.o
    0x08000190   0x08000190   0x0000001c   Code   RO           12    i.BSP_LED_Toggle    stm32l0xx_nucleo.o
    0x080001ac   0x080001ac   0x0000000c   Code   RO         6055    i.EXTI4_15_IRQHandler  stm32l0xx_it.o
    0x080001b8   0x080001b8   0x00000014   Code   RO         6123    i.Error_Handler     main.o
    0x080001cc   0x080001cc   0x00000016   Code   RO          596    i.HAL_Delay         stm32l0xx_hal.o
    0x080001e2   0x080001e2   0x00000012   Code   RO         6124    i.HAL_GPIO_EXTI_Callback  main.o
    0x080001f4   0x080001f4   0x00000018   Code   RO         4206    i.HAL_GPIO_EXTI_IRQHandler  stm32l0xx_hal_gpio.o
    0x0800020c   0x0800020c   0x00000178   Code   RO         4207    i.HAL_GPIO_Init     stm32l0xx_hal_gpio.o
    0x08000384   0x08000384   0x00000008   Code   RO         4210    i.HAL_GPIO_TogglePin  stm32l0xx_hal_gpio.o
    0x0800038c   0x0800038c   0x0000000c   Code   RO         4211    i.HAL_GPIO_WritePin  stm32l0xx_hal_gpio.o
    0x08000398   0x08000398   0x0000000c   Code   RO          600    i.HAL_GetTick       stm32l0xx_hal.o
    0x080003a4   0x080003a4   0x00000010   Code   RO          601    i.HAL_IncTick       stm32l0xx_hal.o
    0x080003b4   0x080003b4   0x00000028   Code   RO          602    i.HAL_Init          stm32l0xx_hal.o
    0x080003dc   0x080003dc   0x00000028   Code   RO          603    i.HAL_InitTick      stm32l0xx_hal.o
    0x08000404   0x08000404   0x00000002   Code   RO         6170    i.HAL_MspInit       stm32l0xx_hal_msp.o
    0x08000406   0x08000406   0x00000002   PAD
    0x08000408   0x08000408   0x00000018   Code   RO         5173    i.HAL_NVIC_EnableIRQ  stm32l0xx_hal_cortex.o
    0x08000420   0x08000420   0x00000008   Code   RO         5177    i.HAL_NVIC_SetPriority  stm32l0xx_hal_cortex.o
    0x08000428   0x08000428   0x00000168   Code   RO         3173    i.HAL_RCC_ClockConfig  stm32l0xx_hal_rcc.o
    0x08000590   0x08000590   0x0000000c   Code   RO         3177    i.HAL_RCC_GetHCLKFreq  stm32l0xx_hal_rcc.o
    0x0800059c   0x0800059c   0x00000078   Code   RO         3181    i.HAL_RCC_GetSysClockFreq  stm32l0xx_hal_rcc.o
    0x08000614   0x08000614   0x00000452   Code   RO         3184    i.HAL_RCC_OscConfig  stm32l0xx_hal_rcc.o
    0x08000a66   0x08000a66   0x00000002   PAD
    0x08000a68   0x08000a68   0x00000030   Code   RO         5181    i.HAL_SYSTICK_Config  stm32l0xx_hal_cortex.o
    0x08000a98   0x08000a98   0x00000050   Code   RO         6125    i.HAL_TIM_IC_CaptureCallback  main.o
    0x08000ae8   0x08000ae8   0x00000120   Code   RO         1319    i.HAL_TIM_IC_ConfigChannel  stm32l0xx_hal_tim.o
    0x08000c08   0x08000c08   0x00000034   Code   RO         1322    i.HAL_TIM_IC_Init   stm32l0xx_hal_tim.o
    0x08000c3c   0x08000c3c   0x0000004c   Code   RO         6171    i.HAL_TIM_IC_MspInit  stm32l0xx_hal_msp.o
    0x08000c88   0x08000c88   0x00000048   Code   RO         1327    i.HAL_TIM_IC_Start_IT  stm32l0xx_hal_tim.o
    0x08000cd0   0x08000cd0   0x00000126   Code   RO         1331    i.HAL_TIM_IRQHandler  stm32l0xx_hal_tim.o
    0x08000df6   0x08000df6   0x00000002   Code   RO         1334    i.HAL_TIM_OC_DelayElapsedCallback  stm32l0xx_hal_tim.o
    0x08000df8   0x08000df8   0x00000002   Code   RO         1361    i.HAL_TIM_PWM_PulseFinishedCallback  stm32l0xx_hal_tim.o
    0x08000dfa   0x08000dfa   0x00000002   Code   RO         1368    i.HAL_TIM_PeriodElapsedCallback  stm32l0xx_hal_tim.o
    0x08000dfc   0x08000dfc   0x00000046   Code   RO         1369    i.HAL_TIM_ReadCapturedValue  stm32l0xx_hal_tim.o
    0x08000e42   0x08000e42   0x0000003c   Code   RO         1370    i.HAL_TIM_SlaveConfigSynchronization  stm32l0xx_hal_tim.o
    0x08000e7e   0x08000e7e   0x00000002   Code   RO         1372    i.HAL_TIM_TriggerCallback  stm32l0xx_hal_tim.o
    0x08000e80   0x08000e80   0x00000002   Code   RO         6056    i.HardFault_Handler  stm32l0xx_it.o
    0x08000e82   0x08000e82   0x00000002   Code   RO         6057    i.NMI_Handler       stm32l0xx_it.o
    0x08000e84   0x08000e84   0x00000002   Code   RO         6058    i.PendSV_Handler    stm32l0xx_it.o
    0x08000e86   0x08000e86   0x00000002   PAD
    0x08000e88   0x08000e88   0x00000070   Code   RO         3185    i.RCC_SetFlashLatencyFromMSIRange  stm32l0xx_hal_rcc.o
    0x08000ef8   0x08000ef8   0x00000002   Code   RO         6059    i.SVC_Handler       stm32l0xx_it.o
    0x08000efa   0x08000efa   0x00000008   Code   RO         6060    i.SysTick_Handler   stm32l0xx_it.o
    0x08000f02   0x08000f02   0x00000002   PAD
    0x08000f04   0x08000f04   0x00000060   Code   RO         6126    i.SystemClock_Config  main.o
    0x08000f64   0x08000f64   0x00000054   Code   RO         6021    i.SystemInit        system_stm32l0xx.o
    0x08000fb8   0x08000fb8   0x00000010   Code   RO         6061    i.TIM2_IRQHandler   stm32l0xx_it.o
    0x08000fc8   0x08000fc8   0x00000050   Code   RO         1373    i.TIM_Base_SetConfig  stm32l0xx_hal_tim.o
    0x08001018   0x08001018   0x00000016   Code   RO         1374    i.TIM_CCxChannelCmd  stm32l0xx_hal_tim.o
    0x0800102e   0x0800102e   0x00000016   Code   RO         1380    i.TIM_ETR_SetConfig  stm32l0xx_hal_tim.o
    0x08001044   0x08001044   0x0000007a   Code   RO         1386    i.TIM_SlaveTimer_SetConfig  stm32l0xx_hal_tim.o
    0x080010be   0x080010be   0x00000022   Code   RO         1387    i.TIM_TI1_ConfigInputStage  stm32l0xx_hal_tim.o
    0x080010e0   0x080010e0   0x00000050   Code   RO         1388    i.TIM_TI1_SetConfig  stm32l0xx_hal_tim.o
    0x08001130   0x08001130   0x00000026   Code   RO         1389    i.TIM_TI2_ConfigInputStage  stm32l0xx_hal_tim.o
    0x08001156   0x08001156   0x00000034   Code   RO         1390    i.TIM_TI2_SetConfig  stm32l0xx_hal_tim.o
    0x0800118a   0x0800118a   0x0000001a   Code   RO         1905    i.__ARM_common_switch8  stm32l0xx_hal_tim.o
    0x080011a4   0x080011a4   0x00000044   Code   RO         5183    i.__NVIC_SetPriority  stm32l0xx_hal_cortex.o
    0x080011e8   0x080011e8   0x0000000e   Code   RO         6239    i.__scatterload_copy  mc_p.l(handlers.o)
    0x080011f6   0x080011f6   0x00000002   Code   RO         6240    i.__scatterload_null  mc_p.l(handlers.o)
    0x080011f8   0x080011f8   0x0000000e   Code   RO         6241    i.__scatterload_zeroinit  mc_p.l(handlers.o)
    0x08001206   0x08001206   0x00000002   PAD
    0x08001208   0x08001208   0x000000dc   Code   RO         6127    i.main              main.o
    0x080012e4   0x080012e4   0x00000006   Data   RO           33    .constdata          stm32l0xx_nucleo.o
    0x080012ea   0x080012ea   0x00000019   Data   RO         6022    .constdata          system_stm32l0xx.o
    0x08001303   0x08001303   0x00000001   PAD
    0x08001304   0x08001304   0x00000020   Data   RO         6237    Region$$Table       anon$$obj.o


    Execution Region RW_IRAM1 (Exec base: 0x20000000, Load base: 0x08001324, Size: 0x00000488, Max: 0x00002000, ABSOLUTE)

    Exec Addr    Load Addr    Size         Type   Attr      Idx    E Section Name        Object

    0x20000000   0x08001324   0x00000014   Data   RW           34    .data               stm32l0xx_nucleo.o
    0x20000014   0x08001338   0x00000004   Data   RW          612    .data               stm32l0xx_hal.o
    0x20000018   0x0800133c   0x00000004   Data   RW         6024    .data               system_stm32l0xx.o
    0x2000001c   0x08001340   0x0000000c   Data   RW         6129    .data               main.o
    0x20000028        -       0x0000005c   Zero   RW         6128    .bss                main.o
    0x20000084   0x0800134c   0x00000004   PAD
    0x20000088        -       0x00000400   Zero   RW         6199    STACK               startup_stm32l053xx.o


==============================================================================

Image component sizes


      Code (inc. data)   RO Data    RW Data    ZI Data      Debug   Object Name

       434         40          0         12         92       3565   main.o
        28          8        192          0       1024        628   startup_stm32l053xx.o
       130         24          0          4          0       3959   stm32l0xx_hal.o
       148         24          0          0          0      11673   stm32l0xx_hal_cortex.o
       420         36          0          0          0       3768   stm32l0xx_hal_gpio.o
        78          4          0          0          0       1643   stm32l0xx_hal_msp.o
      1710        102          0          0          0       6122   stm32l0xx_hal_rcc.o
      1320         28          0          0          0      14297   stm32l0xx_hal_tim.o
        44          6          0          0          0       3203   stm32l0xx_it.o
       108         20          6         20          0     341840   stm32l0xx_nucleo.o
        84         18         25          4          0       1299   system_stm32l0xx.o

    ----------------------------------------------------------------------
      4512        310        256         40       1120     391997   Object Totals
         0          0         32          0          0          0   (incl. Generated)
         8          0          1          0          4          0   (incl. Padding)

    ----------------------------------------------------------------------

      Code (inc. data)   RO Data    RW Data    ZI Data      Debug   Library Member Name

         0          0          0          0          0          0   entry.o
         0          0          0          0          0          0   entry10a.o
         0          0          0          0          0          0   entry11a.o
         8          4          0          0          0          0   entry2.o
         4          0          0          0          0          0   entry5.o
         0          0          0          0          0          0   entry7b.o
         0          0          0          0          0          0   entry8b.o
         8          4          0          0          0          0   entry9a.o
        30          0          0          0          0          0   handlers.o
        36          8          0          0          0         68   init.o
        44          0          0          0          0         72   uidiv.o

    ----------------------------------------------------------------------
       132         16          0          0          0        140   Library Totals
         2          0          0          0          0          0   (incl. Padding)

    ----------------------------------------------------------------------

      Code (inc. data)   RO Data    RW Data    ZI Data      Debug   Library Name

       130         16          0          0          0        140   mc_p.l

    ----------------------------------------------------------------------
       132         16          0          0          0        140   Library Totals

    ----------------------------------------------------------------------

==============================================================================


      Code (inc. data)   RO Data    RW Data    ZI Data      Debug   

      4644        326        256         40       1120     390133   Grand Totals
      4644        326        256         40       1120     390133   ELF Image Totals
      4644        326        256         40          0          0   ROM Totals

==============================================================================

    Total RO  Size (Code + RO Data)                 4900 (   4.79kB)
    Total RW  Size (RW Data + ZI Data)              1160 (   1.13kB)
    Total ROM Size (Code + RO Data + RW Data)       4940 (   4.82kB)

==============================================================================

